Archive member included to satisfy reference by file (symbol)

d:/programi/stm/stm32cubeide_1.4.0/stm32cubeide/plugins/com.st.stm32cube.ide.mcu.externaltools.gnu-tools-for-stm32.7-2018-q2-update.win32_1.4.0.202007081208/tools/bin/../lib/gcc/arm-none-eabi/7.3.1/../../../../arm-none-eabi/lib/thumb/v7e-m/fpv4-sp/hard\libc_nano.a(lib_a-errno.o)
                              Core/Src/syscalls.o (__errno)
d:/programi/stm/stm32cubeide_1.4.0/stm32cubeide/plugins/com.st.stm32cube.ide.mcu.externaltools.gnu-tools-for-stm32.7-2018-q2-update.win32_1.4.0.202007081208/tools/bin/../lib/gcc/arm-none-eabi/7.3.1/../../../../arm-none-eabi/lib/thumb/v7e-m/fpv4-sp/hard\libc_nano.a(lib_a-exit.o)
                              d:/programi/stm/stm32cubeide_1.4.0/stm32cubeide/plugins/com.st.stm32cube.ide.mcu.externaltools.gnu-tools-for-stm32.7-2018-q2-update.win32_1.4.0.202007081208/tools/bin/../lib/gcc/arm-none-eabi/7.3.1/../../../../arm-none-eabi/lib/thumb/v7e-m/fpv4-sp/hard/crt0.o (exit)
d:/programi/stm/stm32cubeide_1.4.0/stm32cubeide/plugins/com.st.stm32cube.ide.mcu.externaltools.gnu-tools-for-stm32.7-2018-q2-update.win32_1.4.0.202007081208/tools/bin/../lib/gcc/arm-none-eabi/7.3.1/../../../../arm-none-eabi/lib/thumb/v7e-m/fpv4-sp/hard\libc_nano.a(lib_a-impure.o)
                              d:/programi/stm/stm32cubeide_1.4.0/stm32cubeide/plugins/com.st.stm32cube.ide.mcu.externaltools.gnu-tools-for-stm32.7-2018-q2-update.win32_1.4.0.202007081208/tools/bin/../lib/gcc/arm-none-eabi/7.3.1/../../../../arm-none-eabi/lib/thumb/v7e-m/fpv4-sp/hard\libc_nano.a(lib_a-exit.o) (_global_impure_ptr)
d:/programi/stm/stm32cubeide_1.4.0/stm32cubeide/plugins/com.st.stm32cube.ide.mcu.externaltools.gnu-tools-for-stm32.7-2018-q2-update.win32_1.4.0.202007081208/tools/bin/../lib/gcc/arm-none-eabi/7.3.1/../../../../arm-none-eabi/lib/thumb/v7e-m/fpv4-sp/hard\libc_nano.a(lib_a-init.o)
                              d:/programi/stm/stm32cubeide_1.4.0/stm32cubeide/plugins/com.st.stm32cube.ide.mcu.externaltools.gnu-tools-for-stm32.7-2018-q2-update.win32_1.4.0.202007081208/tools/bin/../lib/gcc/arm-none-eabi/7.3.1/../../../../arm-none-eabi/lib/thumb/v7e-m/fpv4-sp/hard/crt0.o (__libc_init_array)
d:/programi/stm/stm32cubeide_1.4.0/stm32cubeide/plugins/com.st.stm32cube.ide.mcu.externaltools.gnu-tools-for-stm32.7-2018-q2-update.win32_1.4.0.202007081208/tools/bin/../lib/gcc/arm-none-eabi/7.3.1/../../../../arm-none-eabi/lib/thumb/v7e-m/fpv4-sp/hard\libc_nano.a(lib_a-malloc.o)
                              Middlewares/ST/STM32_USB_Device_Library/Class/HID/Src/usbd_hid.o (malloc)
d:/programi/stm/stm32cubeide_1.4.0/stm32cubeide/plugins/com.st.stm32cube.ide.mcu.externaltools.gnu-tools-for-stm32.7-2018-q2-update.win32_1.4.0.202007081208/tools/bin/../lib/gcc/arm-none-eabi/7.3.1/../../../../arm-none-eabi/lib/thumb/v7e-m/fpv4-sp/hard\libc_nano.a(lib_a-memset.o)
                              d:/programi/stm/stm32cubeide_1.4.0/stm32cubeide/plugins/com.st.stm32cube.ide.mcu.externaltools.gnu-tools-for-stm32.7-2018-q2-update.win32_1.4.0.202007081208/tools/bin/../lib/gcc/arm-none-eabi/7.3.1/../../../../arm-none-eabi/lib/thumb/v7e-m/fpv4-sp/hard/crt0.o (memset)
d:/programi/stm/stm32cubeide_1.4.0/stm32cubeide/plugins/com.st.stm32cube.ide.mcu.externaltools.gnu-tools-for-stm32.7-2018-q2-update.win32_1.4.0.202007081208/tools/bin/../lib/gcc/arm-none-eabi/7.3.1/../../../../arm-none-eabi/lib/thumb/v7e-m/fpv4-sp/hard\libc_nano.a(lib_a-nano-freer.o)
                              d:/programi/stm/stm32cubeide_1.4.0/stm32cubeide/plugins/com.st.stm32cube.ide.mcu.externaltools.gnu-tools-for-stm32.7-2018-q2-update.win32_1.4.0.202007081208/tools/bin/../lib/gcc/arm-none-eabi/7.3.1/../../../../arm-none-eabi/lib/thumb/v7e-m/fpv4-sp/hard\libc_nano.a(lib_a-malloc.o) (_free_r)
d:/programi/stm/stm32cubeide_1.4.0/stm32cubeide/plugins/com.st.stm32cube.ide.mcu.externaltools.gnu-tools-for-stm32.7-2018-q2-update.win32_1.4.0.202007081208/tools/bin/../lib/gcc/arm-none-eabi/7.3.1/../../../../arm-none-eabi/lib/thumb/v7e-m/fpv4-sp/hard\libc_nano.a(lib_a-nano-mallocr.o)
                              d:/programi/stm/stm32cubeide_1.4.0/stm32cubeide/plugins/com.st.stm32cube.ide.mcu.externaltools.gnu-tools-for-stm32.7-2018-q2-update.win32_1.4.0.202007081208/tools/bin/../lib/gcc/arm-none-eabi/7.3.1/../../../../arm-none-eabi/lib/thumb/v7e-m/fpv4-sp/hard\libc_nano.a(lib_a-malloc.o) (_malloc_r)
d:/programi/stm/stm32cubeide_1.4.0/stm32cubeide/plugins/com.st.stm32cube.ide.mcu.externaltools.gnu-tools-for-stm32.7-2018-q2-update.win32_1.4.0.202007081208/tools/bin/../lib/gcc/arm-none-eabi/7.3.1/../../../../arm-none-eabi/lib/thumb/v7e-m/fpv4-sp/hard\libc_nano.a(lib_a-sbrkr.o)
                              d:/programi/stm/stm32cubeide_1.4.0/stm32cubeide/plugins/com.st.stm32cube.ide.mcu.externaltools.gnu-tools-for-stm32.7-2018-q2-update.win32_1.4.0.202007081208/tools/bin/../lib/gcc/arm-none-eabi/7.3.1/../../../../arm-none-eabi/lib/thumb/v7e-m/fpv4-sp/hard\libc_nano.a(lib_a-nano-mallocr.o) (_sbrk_r)
[...]
Memory Configuration

Name             Origin             Length             Attributes
RAM              0x0000000020000000 0x0000000000020000 xrw
FLASH            0x0000000008000000 0x0000000000080000 xr
*default*        0x0000000000000000 0xffffffffffffffff

Linker script and memory map

LOAD d:/programi/stm/stm32cubeide_1.4.0/stm32cubeide/plugins/com.st.stm32cube.ide.mcu.externaltools.gnu-tools-for-stm32.7-2018-q2-update.win32_1.4.0.202007081208/tools/bin/../lib/gcc/arm-none-eabi/7.3.1/thumb/v7e-m/fpv4-sp/hard/crti.o
LOAD d:/programi/stm/stm32cubeide_1.4.0/stm32cubeide/plugins/com.st.stm32cube.ide.mcu.externaltools.gnu-tools-for-stm32.7-2018-q2-update.win32_1.4.0.202007081208/tools/bin/../lib/gcc/arm-none-eabi/7.3.1/thumb/v7e-m/fpv4-sp/hard/crtbegin.o
LOAD d:/programi/stm/stm32cubeide_1.4.0/stm32cubeide/plugins/com.st.stm32cube.ide.mcu.externaltools.gnu-tools-for-stm32.7-2018-q2-update.win32_1.4.0.202007081208/tools/bin/../lib/gcc/arm-none-eabi/7.3.1/../../../../arm-none-eabi/lib/thumb/v7e-m/fpv4-sp/hard/crt0.o
LOAD Core/Src/main.o
LOAD Core/Src/stm32f4xx_hal_msp.o
LOAD Core/Src/stm32f4xx_it.o
LOAD Core/Src/syscalls.o
LOAD Core/Src/sysmem.o
LOAD Core/Src/system_stm32f4xx.o
LOAD Core/Startup/startup_stm32f411vetx.o
LOAD Drivers/STM32F4xx_HAL_Driver/Src/stm32f4xx_hal.o
LOAD Drivers/STM32F4xx_HAL_Driver/Src/stm32f4xx_hal_cortex.o
LOAD Drivers/STM32F4xx_HAL_Driver/Src/stm32f4xx_hal_dma.o
LOAD Drivers/STM32F4xx_HAL_Driver/Src/stm32f4xx_hal_dma_ex.o
LOAD Drivers/STM32F4xx_HAL_Driver/Src/stm32f4xx_hal_exti.o
LOAD Drivers/STM32F4xx_HAL_Driver/Src/stm32f4xx_hal_flash.o
LOAD Drivers/STM32F4xx_HAL_Driver/Src/stm32f4xx_hal_flash_ex.o
LOAD Drivers/STM32F4xx_HAL_Driver/Src/stm32f4xx_hal_flash_ramfunc.o
LOAD Drivers/STM32F4xx_HAL_Driver/Src/stm32f4xx_hal_gpio.o
LOAD Drivers/STM32F4xx_HAL_Driver/Src/stm32f4xx_hal_i2c.o
LOAD Drivers/STM32F4xx_HAL_Driver/Src/stm32f4xx_hal_i2c_ex.o
LOAD Drivers/STM32F4xx_HAL_Driver/Src/stm32f4xx_hal_i2s.o
LOAD Drivers/STM32F4xx_HAL_Driver/Src/stm32f4xx_hal_i2s_ex.o
LOAD Drivers/STM32F4xx_HAL_Driver/Src/stm32f4xx_hal_pcd.o
LOAD Drivers/STM32F4xx_HAL_Driver/Src/stm32f4xx_hal_pcd_ex.o
LOAD Drivers/STM32F4xx_HAL_Driver/Src/stm32f4xx_hal_pwr.o
LOAD Drivers/STM32F4xx_HAL_Driver/Src/stm32f4xx_hal_pwr_ex.o
LOAD Drivers/STM32F4xx_HAL_Driver/Src/stm32f4xx_hal_rcc.o
LOAD Drivers/STM32F4xx_HAL_Driver/Src/stm32f4xx_hal_rcc_ex.o
LOAD Drivers/STM32F4xx_HAL_Driver/Src/stm32f4xx_hal_spi.o
LOAD Drivers/STM32F4xx_HAL_Driver/Src/stm32f4xx_hal_tim.o
LOAD Drivers/STM32F4xx_HAL_Driver/Src/stm32f4xx_hal_tim_ex.o
LOAD Drivers/STM32F4xx_HAL_Driver/Src/stm32f4xx_ll_usb.o
LOAD Middlewares/ST/STM32_USB_Device_Library/Class/HID/Src/usbd_hid.o
LOAD Middlewares/ST/STM32_USB_Device_Library/Core/Src/usbd_core.o
LOAD Middlewares/ST/STM32_USB_Device_Library/Core/Src/usbd_ctlreq.o
LOAD Middlewares/ST/STM32_USB_Device_Library/Core/Src/usbd_ioreq.o
LOAD USB_DEVICE/App/usb_device.o
LOAD USB_DEVICE/App/usbd_desc.o
LOAD USB_DEVICE/Target/usbd_conf.o
START GROUP
LOAD d:/programi/stm/stm32cubeide_1.4.0/stm32cubeide/plugins/com.st.stm32cube.ide.mcu.externaltools.gnu-tools-for-stm32.7-2018-q2-update.win32_1.4.0.202007081208/tools/bin/../lib/gcc/arm-none-eabi/7.3.1/../../../../arm-none-eabi/lib/thumb/v7e-m/fpv4-sp/hard\libc_nano.a
LOAD d:/programi/stm/stm32cubeide_1.4.0/stm32cubeide/plugins/com.st.stm32cube.ide.mcu.externaltools.gnu-tools-for-stm32.7-2018-q2-update.win32_1.4.0.202007081208/tools/bin/../lib/gcc/arm-none-eabi/7.3.1/../../../../arm-none-eabi/lib/thumb/v7e-m/fpv4-sp/hard\libm.a
END GROUP
START GROUP
LOAD d:/programi/stm/stm32cubeide_1.4.0/stm32cubeide/plugins/com.st.stm32cube.ide.mcu.externaltools.gnu-tools-for-stm32.7-2018-q2-update.win32_1.4.0.202007081208/tools/bin/../lib/gcc/arm-none-eabi/7.3.1/thumb/v7e-m/fpv4-sp/hard\libgcc.a
LOAD d:/programi/stm/stm32cubeide_1.4.0/stm32cubeide/plugins/com.st.stm32cube.ide.mcu.externaltools.gnu-tools-for-stm32.7-2018-q2-update.win32_1.4.0.202007081208/tools/bin/../lib/gcc/arm-none-eabi/7.3.1/../../../../arm-none-eabi/lib/thumb/v7e-m/fpv4-sp/hard\libc_nano.a
END GROUP
START GROUP
LOAD d:/programi/stm/stm32cubeide_1.4.0/stm32cubeide/plugins/com.st.stm32cube.ide.mcu.externaltools.gnu-tools-for-stm32.7-2018-q2-update.win32_1.4.0.202007081208/tools/bin/../lib/gcc/arm-none-eabi/7.3.1/thumb/v7e-m/fpv4-sp/hard\libgcc.a
LOAD d:/programi/stm/stm32cubeide_1.4.0/stm32cubeide/plugins/com.st.stm32cube.ide.mcu.externaltools.gnu-tools-for-stm32.7-2018-q2-update.win32_1.4.0.202007081208/tools/bin/../lib/gcc/arm-none-eabi/7.3.1/../../../../arm-none-eabi/lib/thumb/v7e-m/fpv4-sp/hard\libc_nano.a
LOAD d:/programi/stm/stm32cubeide_1.4.0/stm32cubeide/plugins/com.st.stm32cube.ide.mcu.externaltools.gnu-tools-for-stm32.7-2018-q2-update.win32_1.4.0.202007081208/tools/bin/../lib/gcc/arm-none-eabi/7.3.1/../../../../arm-none-eabi/lib/thumb/v7e-m/fpv4-sp/hard\libnosys.a
END GROUP
START GROUP
LOAD d:/programi/stm/stm32cubeide_1.4.0/stm32cubeide/plugins/com.st.stm32cube.ide.mcu.externaltools.gnu-tools-for-stm32.7-2018-q2-update.win32_1.4.0.202007081208/tools/bin/../lib/gcc/arm-none-eabi/7.3.1/thumb/v7e-m/fpv4-sp/hard\libgcc.a
LOAD d:/programi/stm/stm32cubeide_1.4.0/stm32cubeide/plugins/com.st.stm32cube.ide.mcu.externaltools.gnu-tools-for-stm32.7-2018-q2-update.win32_1.4.0.202007081208/tools/bin/../lib/gcc/arm-none-eabi/7.3.1/../../../../arm-none-eabi/lib/thumb/v7e-m/fpv4-sp/hard\libc_nano.a
LOAD d:/programi/stm/stm32cubeide_1.4.0/stm32cubeide/plugins/com.st.stm32cube.ide.mcu.externaltools.gnu-tools-for-stm32.7-2018-q2-update.win32_1.4.0.202007081208/tools/bin/../lib/gcc/arm-none-eabi/7.3.1/../../../../arm-none-eabi/lib/thumb/v7e-m/fpv4-sp/hard\libnosys.a
END GROUP
LOAD d:/programi/stm/stm32cubeide_1.4.0/stm32cubeide/plugins/com.st.stm32cube.ide.mcu.externaltools.gnu-tools-for-stm32.7-2018-q2-update.win32_1.4.0.202007081208/tools/bin/../lib/gcc/arm-none-eabi/7.3.1/thumb/v7e-m/fpv4-sp/hard/crtend.o
LOAD d:/programi/stm/stm32cubeide_1.4.0/stm32cubeide/plugins/com.st.stm32cube.ide.mcu.externaltools.gnu-tools-for-stm32.7-2018-q2-update.win32_1.4.0.202007081208/tools/bin/../lib/gcc/arm-none-eabi/7.3.1/thumb/v7e-m/fpv4-sp/hard/crtn.o
                0x0000000020020000                _estack = (ORIGIN (RAM) + LENGTH (RAM))
                0x0000000000000200                _Min_Heap_Size = 0x200
                0x0000000000000400                _Min_Stack_Size = 0x400

.isr_vector     0x0000000008000000      0x198
                0x0000000008000000                . = ALIGN (0x4)
 *(.isr_vector)
 .isr_vector    0x0000000008000000      0x198 Core/Startup/startup_stm32f411vetx.o
                0x0000000008000000                g_pfnVectors
                0x0000000008000198                . = ALIGN (0x4)

.text           0x0000000008000198     0x7570
                0x0000000008000198                . = ALIGN (0x4)
 *(.text)
 .text          0x0000000008000198       0x40 d:/programi/stm/stm32cubeide_1.4.0/stm32cubeide/plugins/com.st.stm32cube.ide.mcu.externaltools.gnu-tools-for-stm32.7-2018-q2-update.win32_1.4.0.202007081208/tools/bin/../lib/gcc/arm-none-eabi/7.3.1/thumb/v7e-m/fpv4-sp/hard/crtbegin.o
 .text          0x00000000080001d8       0x30 d:/programi/stm/stm32cubeide_1.4.0/stm32cubeide/plugins/com.st.stm32cube.ide.mcu.externaltools.gnu-tools-for-stm32.7-2018-q2-update.win32_1.4.0.202007081208/tools/bin/../lib/gcc/arm-none-eabi/7.3.1/thumb/v7e-m/fpv4-sp/hard\libgcc.a(_aeabi_uldivmod.o)
                0x00000000080001d8                __aeabi_uldivmod
 .text          0x0000000008000208      0x2cc d:/programi/stm/stm32cubeide_1.4.0/stm32cubeide/plugins/com.st.stm32cube.ide.mcu.externaltools.gnu-tools-for-stm32.7-2018-q2-update.win32_1.4.0.202007081208/tools/bin/../lib/gcc/arm-none-eabi/7.3.1/thumb/v7e-m/fpv4-sp/hard\libgcc.a(_udivmoddi4.o)
                0x0000000008000208                __udivmoddi4
 .text          0x00000000080004d4        0x4 d:/programi/stm/stm32cubeide_1.4.0/stm32cubeide/plugins/com.st.stm32cube.ide.mcu.externaltools.gnu-tools-for-stm32.7-2018-q2-update.win32_1.4.0.202007081208/tools/bin/../lib/gcc/arm-none-eabi/7.3.1/thumb/v7e-m/fpv4-sp/hard\libgcc.a(_dvmd_tls.o)
                0x00000000080004d4                __aeabi_idiv0
                0x00000000080004d4                __aeabi_ldiv0
 *(.text*)
 .text.krog     0x00000000080004d8       0x7c Core/Src/main.o
                0x00000000080004d8                krog
 .text.miska_napredno
                0x0000000008000554       0xf4 Core/Src/main.o
                0x0000000008000554                miska_napredno
 .text.main     0x0000000008000648       0x9c Core/Src/main.o
                0x0000000008000648                main
 .text.SystemClock_Config
                0x00000000080006e4      0x108 Core/Src/main.o
                0x00000000080006e4                SystemClock_Config
 .text.MX_I2C1_Init
                0x00000000080007ec       0x5c Core/Src/main.o
 .text.MX_I2S2_Init
                0x0000000008000848       0x5c Core/Src/main.o
 .text.MX_I2S3_Init
                0x00000000080008a4       0x60 Core/Src/main.o
 .text.MX_SPI1_Init
                0x0000000008000904       0x6c Core/Src/main.o
 .text.MX_GPIO_Init
                0x0000000008000970      0x1b4 Core/Src/main.o
 .text.Error_Handler
                0x0000000008000b24        0xe Core/Src/main.o
                0x0000000008000b24                Error_Handler
 *fill*         0x0000000008000b32        0x2 
 .text.HAL_MspInit
                0x0000000008000b34       0x50 Core/Src/stm32f4xx_hal_msp.o
                0x0000000008000b34                HAL_MspInit
 .text.HAL_I2C_MspInit
                0x0000000008000b84       0x90 Core/Src/stm32f4xx_hal_msp.o
                0x0000000008000b84                HAL_I2C_MspInit
 .text.HAL_I2S_MspInit
                0x0000000008000c14      0x19c Core/Src/stm32f4xx_hal_msp.o
                0x0000000008000c14                HAL_I2S_MspInit
 .text.HAL_SPI_MspInit
                0x0000000008000db0       0x90 Core/Src/stm32f4xx_hal_msp.o
                0x0000000008000db0                HAL_SPI_MspInit
 .text.NMI_Handler
                0x0000000008000e40        0xe Core/Src/stm32f4xx_it.o
                0x0000000008000e40                NMI_Handler
 .text.HardFault_Handler
                0x0000000008000e4e        0x6 Core/Src/stm32f4xx_it.o
                0x0000000008000e4e                HardFault_Handler
 .text.MemManage_Handler
                0x0000000008000e54        0x6 Core/Src/stm32f4xx_it.o
                0x0000000008000e54                MemManage_Handler
 .text.BusFault_Handler
                0x0000000008000e5a        0x6 Core/Src/stm32f4xx_it.o
                0x0000000008000e5a                BusFault_Handler
 .text.UsageFault_Handler
                0x0000000008000e60        0x6 Core/Src/stm32f4xx_it.o
                0x0000000008000e60                UsageFault_Handler
 .text.SVC_Handler
                0x0000000008000e66        0xe Core/Src/stm32f4xx_it.o
                0x0000000008000e66                SVC_Handler
 .text.DebugMon_Handler
                0x0000000008000e74        0xe Core/Src/stm32f4xx_it.o
                0x0000000008000e74                DebugMon_Handler
 .text.PendSV_Handler
                0x0000000008000e82        0xe Core/Src/stm32f4xx_it.o
                0x0000000008000e82                PendSV_Handler
 .text.SysTick_Handler
                0x0000000008000e90        0xc Core/Src/stm32f4xx_it.o
                0x0000000008000e90                SysTick_Handler
 .text.OTG_FS_IRQHandler
                0x0000000008000e9c       0x14 Core/Src/stm32f4xx_it.o
                0x0000000008000e9c                OTG_FS_IRQHandler
 .text._sbrk    0x0000000008000eb0       0x6c Core/Src/sysmem.o
                0x0000000008000eb0                _sbrk
 .text.SystemInit
                0x0000000008000f1c       0x2c Core/Src/system_stm32f4xx.o
                0x0000000008000f1c                SystemInit
 .text.Reset_Handler
                0x0000000008000f48       0x50 Core/Startup/startup_stm32f411vetx.o
                0x0000000008000f48                Reset_Handler
 .text.Default_Handler
                0x0000000008000f98        0x2 Core/Startup/startup_stm32f411vetx.o
                0x0000000008000f98                RTC_Alarm_IRQHandler
                0x0000000008000f98                EXTI2_IRQHandler
                0x0000000008000f98                SPI4_IRQHandler
                0x0000000008000f98                TIM1_CC_IRQHandler
                0x0000000008000f98                DMA2_Stream5_IRQHandler
                0x0000000008000f98                DMA1_Stream5_IRQHandler
                0x0000000008000f98                PVD_IRQHandler
                0x0000000008000f98                SDIO_IRQHandler
                0x0000000008000f98                TAMP_STAMP_IRQHandler
                0x0000000008000f98                EXTI3_IRQHandler
                0x0000000008000f98                TIM1_UP_TIM10_IRQHandler
                0x0000000008000f98                I2C3_ER_IRQHandler
                0x0000000008000f98                EXTI0_IRQHandler
                0x0000000008000f98                I2C2_EV_IRQHandler
                0x0000000008000f98                DMA1_Stream2_IRQHandler
                0x0000000008000f98                FPU_IRQHandler
                0x0000000008000f98                DMA2_Stream2_IRQHandler
                0x0000000008000f98                SPI1_IRQHandler
                0x0000000008000f98                TIM1_BRK_TIM9_IRQHandler
                0x0000000008000f98                DMA2_Stream3_IRQHandler
                0x0000000008000f98                USART6_IRQHandler
                0x0000000008000f98                DMA2_Stream0_IRQHandler
                0x0000000008000f98                TIM4_IRQHandler
                0x0000000008000f98                I2C1_EV_IRQHandler
                0x0000000008000f98                DMA1_Stream6_IRQHandler
                0x0000000008000f98                DMA1_Stream1_IRQHandler
                0x0000000008000f98                TIM3_IRQHandler
                0x0000000008000f98                RCC_IRQHandler
                0x0000000008000f98                Default_Handler
                0x0000000008000f98                EXTI15_10_IRQHandler
                0x0000000008000f98                ADC_IRQHandler
                0x0000000008000f98                DMA1_Stream7_IRQHandler
                0x0000000008000f98                SPI5_IRQHandler
                0x0000000008000f98                TIM5_IRQHandler
                0x0000000008000f98                DMA2_Stream7_IRQHandler
                0x0000000008000f98                I2C3_EV_IRQHandler
                0x0000000008000f98                EXTI9_5_IRQHandler
                0x0000000008000f98                RTC_WKUP_IRQHandler
                0x0000000008000f98                SPI2_IRQHandler
                0x0000000008000f98                DMA1_Stream0_IRQHandler
                0x0000000008000f98                EXTI4_IRQHandler
                0x0000000008000f98                WWDG_IRQHandler
                0x0000000008000f98                TIM2_IRQHandler
                0x0000000008000f98                OTG_FS_WKUP_IRQHandler
                0x0000000008000f98                TIM1_TRG_COM_TIM11_IRQHandler
                0x0000000008000f98                EXTI1_IRQHandler
                0x0000000008000f98                USART2_IRQHandler
                0x0000000008000f98                I2C2_ER_IRQHandler
                0x0000000008000f98                DMA2_Stream1_IRQHandler
                0x0000000008000f98                FLASH_IRQHandler
                0x0000000008000f98                DMA2_Stream4_IRQHandler
                0x0000000008000f98                USART1_IRQHandler
                0x0000000008000f98                SPI3_IRQHandler
                0x0000000008000f98                DMA1_Stream4_IRQHandler
                0x0000000008000f98                I2C1_ER_IRQHandler
                0x0000000008000f98                DMA2_Stream6_IRQHandler
                0x0000000008000f98                DMA1_Stream3_IRQHandler
 *fill*         0x0000000008000f9a        0x2 
 .text.HAL_Init
                0x0000000008000f9c       0x44 Drivers/STM32F4xx_HAL_Driver/Src/stm32f4xx_hal.o
                0x0000000008000f9c                HAL_Init
 .text.HAL_InitTick
                0x0000000008000fe0       0x60 Drivers/STM32F4xx_HAL_Driver/Src/stm32f4xx_hal.o
                0x0000000008000fe0                HAL_InitTick
 .text.HAL_IncTick
                0x0000000008001040       0x28 Drivers/STM32F4xx_HAL_Driver/Src/stm32f4xx_hal.o
                0x0000000008001040                HAL_IncTick
 .text.HAL_GetTick
                0x0000000008001068       0x18 Drivers/STM32F4xx_HAL_Driver/Src/stm32f4xx_hal.o
                0x0000000008001068                HAL_GetTick
 .text.HAL_Delay
                0x0000000008001080       0x44 Drivers/STM32F4xx_HAL_Driver/Src/stm32f4xx_hal.o
                0x0000000008001080                HAL_Delay
 .text.__NVIC_SetPriorityGrouping
                0x00000000080010c4       0x48 Drivers/STM32F4xx_HAL_Driver/Src/stm32f4xx_hal_cortex.o
 .text.__NVIC_GetPriorityGrouping
                0x000000000800110c       0x1c Drivers/STM32F4xx_HAL_Driver/Src/stm32f4xx_hal_cortex.o
 .text.__NVIC_EnableIRQ
                0x0000000008001128       0x3c Drivers/STM32F4xx_HAL_Driver/Src/stm32f4xx_hal_cortex.o
 .text.__NVIC_SetPriority
                0x0000000008001164       0x54 Drivers/STM32F4xx_HAL_Driver/Src/stm32f4xx_hal_cortex.o
 .text.NVIC_EncodePriority
                0x00000000080011b8       0x66 Drivers/STM32F4xx_HAL_Driver/Src/stm32f4xx_hal_cortex.o
 *fill*         0x000000000800121e        0x2 
 .text.SysTick_Config
                0x0000000008001220       0x44 Drivers/STM32F4xx_HAL_Driver/Src/stm32f4xx_hal_cortex.o
 .text.HAL_NVIC_SetPriorityGrouping
                0x0000000008001264       0x16 Drivers/STM32F4xx_HAL_Driver/Src/stm32f4xx_hal_cortex.o
                0x0000000008001264                HAL_NVIC_SetPriorityGrouping
 .text.HAL_NVIC_SetPriority
                0x000000000800127a       0x38 Drivers/STM32F4xx_HAL_Driver/Src/stm32f4xx_hal_cortex.o
                0x000000000800127a                HAL_NVIC_SetPriority
 .text.HAL_NVIC_EnableIRQ
                0x00000000080012b2       0x1c Drivers/STM32F4xx_HAL_Driver/Src/stm32f4xx_hal_cortex.o
                0x00000000080012b2                HAL_NVIC_EnableIRQ
 .text.HAL_SYSTICK_Config
                0x00000000080012ce       0x18 Drivers/STM32F4xx_HAL_Driver/Src/stm32f4xx_hal_cortex.o
                0x00000000080012ce                HAL_SYSTICK_Config
 *fill*         0x00000000080012e6        0x2 
 .text.HAL_GPIO_Init
                0x00000000080012e8      0x304 Drivers/STM32F4xx_HAL_Driver/Src/stm32f4xx_hal_gpio.o
                0x00000000080012e8                HAL_GPIO_Init
 .text.HAL_GPIO_ReadPin
                0x00000000080015ec       0x30 Drivers/STM32F4xx_HAL_Driver/Src/stm32f4xx_hal_gpio.o
                0x00000000080015ec                HAL_GPIO_ReadPin
 .text.HAL_GPIO_WritePin
                0x000000000800161c       0x32 Drivers/STM32F4xx_HAL_Driver/Src/stm32f4xx_hal_gpio.o
                0x000000000800161c                HAL_GPIO_WritePin
 .text.HAL_GPIO_TogglePin
                0x000000000800164e       0x36 Drivers/STM32F4xx_HAL_Driver/Src/stm32f4xx_hal_gpio.o
                0x000000000800164e                HAL_GPIO_TogglePin
 .text.HAL_I2C_Init
                0x0000000008001684      0x270 Drivers/STM32F4xx_HAL_Driver/Src/stm32f4xx_hal_i2c.o
                0x0000000008001684                HAL_I2C_Init
 .text.HAL_I2S_Init
                0x00000000080018f4      0x280 Drivers/STM32F4xx_HAL_Driver/Src/stm32f4xx_hal_i2s.o
                0x00000000080018f4                HAL_I2S_Init
 .text.HAL_I2S_TxCpltCallback
                0x0000000008001b74       0x14 Drivers/STM32F4xx_HAL_Driver/Src/stm32f4xx_hal_i2s.o
                0x0000000008001b74                HAL_I2S_TxCpltCallback
 .text.HAL_I2S_RxCpltCallback
                0x0000000008001b88       0x14 Drivers/STM32F4xx_HAL_Driver/Src/stm32f4xx_hal_i2s.o
                0x0000000008001b88                HAL_I2S_RxCpltCallback
 .text.HAL_I2S_ErrorCallback
                0x0000000008001b9c       0x14 Drivers/STM32F4xx_HAL_Driver/Src/stm32f4xx_hal_i2s.o
                0x0000000008001b9c                HAL_I2S_ErrorCallback
 .text.I2S_Transmit_IT
                0x0000000008001bb0       0x5c Drivers/STM32F4xx_HAL_Driver/Src/stm32f4xx_hal_i2s.o
 .text.I2S_Receive_IT
                0x0000000008001c0c       0x5e Drivers/STM32F4xx_HAL_Driver/Src/stm32f4xx_hal_i2s.o
 .text.I2S_IRQHandler
                0x0000000008001c6a      0x114 Drivers/STM32F4xx_HAL_Driver/Src/stm32f4xx_hal_i2s.o
 *fill*         0x0000000008001d7e        0x2 
 .text.HAL_I2SEx_FullDuplex_IRQHandler
                0x0000000008001d80      0x2a8 Drivers/STM32F4xx_HAL_Driver/Src/stm32f4xx_hal_i2s_ex.o
                0x0000000008001d80                HAL_I2SEx_FullDuplex_IRQHandler
 .text.HAL_I2SEx_TxRxCpltCallback
                0x0000000008002028       0x14 Drivers/STM32F4xx_HAL_Driver/Src/stm32f4xx_hal_i2s_ex.o
                0x0000000008002028                HAL_I2SEx_TxRxCpltCallback
 .text.I2SEx_TxISR_I2S
                0x000000000800203c       0x62 Drivers/STM32F4xx_HAL_Driver/Src/stm32f4xx_hal_i2s_ex.o
 *fill*         0x000000000800209e        0x2 
 .text.I2SEx_TxISR_I2SExt
                0x00000000080020a0       0x98 Drivers/STM32F4xx_HAL_Driver/Src/stm32f4xx_hal_i2s_ex.o
 .text.I2SEx_RxISR_I2S
                0x0000000008002138       0x64 Drivers/STM32F4xx_HAL_Driver/Src/stm32f4xx_hal_i2s_ex.o
 .text.I2SEx_RxISR_I2SExt
                0x000000000800219c       0x98 Drivers/STM32F4xx_HAL_Driver/Src/stm32f4xx_hal_i2s_ex.o
 .text.HAL_PCD_Init
                0x0000000008002234      0x23a Drivers/STM32F4xx_HAL_Driver/Src/stm32f4xx_hal_pcd.o
                0x0000000008002234                HAL_PCD_Init
 .text.HAL_PCD_Start
                0x000000000800246e       0x66 Drivers/STM32F4xx_HAL_Driver/Src/stm32f4xx_hal_pcd.o
                0x000000000800246e                HAL_PCD_Start
 .text.HAL_PCD_IRQHandler
                0x00000000080024d4      0x764 Drivers/STM32F4xx_HAL_Driver/Src/stm32f4xx_hal_pcd.o
                0x00000000080024d4                HAL_PCD_IRQHandler
 .text.HAL_PCD_SetAddress
                0x0000000008002c38       0x4a Drivers/STM32F4xx_HAL_Driver/Src/stm32f4xx_hal_pcd.o
                0x0000000008002c38                HAL_PCD_SetAddress
 .text.HAL_PCD_EP_Open
                0x0000000008002c82       0xd0 Drivers/STM32F4xx_HAL_Driver/Src/stm32f4xx_hal_pcd.o
                0x0000000008002c82                HAL_PCD_EP_Open
 .text.HAL_PCD_EP_Close
                0x0000000008002d52       0x94 Drivers/STM32F4xx_HAL_Driver/Src/stm32f4xx_hal_pcd.o
                0x0000000008002d52                HAL_PCD_EP_Close
 .text.HAL_PCD_EP_Receive
                0x0000000008002de6       0x96 Drivers/STM32F4xx_HAL_Driver/Src/stm32f4xx_hal_pcd.o
                0x0000000008002de6                HAL_PCD_EP_Receive
 .text.HAL_PCD_EP_Transmit
                0x0000000008002e7c       0x94 Drivers/STM32F4xx_HAL_Driver/Src/stm32f4xx_hal_pcd.o
                0x0000000008002e7c                HAL_PCD_EP_Transmit
 .text.HAL_PCD_EP_SetStall
                0x0000000008002f10       0xc8 Drivers/STM32F4xx_HAL_Driver/Src/stm32f4xx_hal_pcd.o
                0x0000000008002f10                HAL_PCD_EP_SetStall
 .text.HAL_PCD_EP_ClrStall
                0x0000000008002fd8       0xac Drivers/STM32F4xx_HAL_Driver/Src/stm32f4xx_hal_pcd.o
                0x0000000008002fd8                HAL_PCD_EP_ClrStall
 .text.PCD_WriteEmptyTxFifo
                0x0000000008003084      0x11a Drivers/STM32F4xx_HAL_Driver/Src/stm32f4xx_hal_pcd.o
 *fill*         0x000000000800319e        0x2 
 .text.PCD_EP_OutXfrComplete_int
                0x00000000080031a0      0x218 Drivers/STM32F4xx_HAL_Driver/Src/stm32f4xx_hal_pcd.o
 .text.PCD_EP_OutSetupPacket_int
                0x00000000080033b8       0x8c Drivers/STM32F4xx_HAL_Driver/Src/stm32f4xx_hal_pcd.o
 .text.HAL_PCDEx_SetTxFiFo
                0x0000000008003444       0x8e Drivers/STM32F4xx_HAL_Driver/Src/stm32f4xx_hal_pcd_ex.o
                0x0000000008003444                HAL_PCDEx_SetTxFiFo
 .text.HAL_PCDEx_SetRxFiFo
                0x00000000080034d2       0x22 Drivers/STM32F4xx_HAL_Driver/Src/stm32f4xx_hal_pcd_ex.o
                0x00000000080034d2                HAL_PCDEx_SetRxFiFo
 .text.HAL_PCDEx_LPM_Callback
                0x00000000080034f4       0x18 Drivers/STM32F4xx_HAL_Driver/Src/stm32f4xx_hal_pcd_ex.o
                0x00000000080034f4                HAL_PCDEx_LPM_Callback
 .text.HAL_RCC_OscConfig
                0x000000000800350c      0x4e0 Drivers/STM32F4xx_HAL_Driver/Src/stm32f4xx_hal_rcc.o
                0x000000000800350c                HAL_RCC_OscConfig
 .text.HAL_RCC_ClockConfig
                0x00000000080039ec      0x1cc Drivers/STM32F4xx_HAL_Driver/Src/stm32f4xx_hal_rcc.o
                0x00000000080039ec                HAL_RCC_ClockConfig
 .text.HAL_RCC_GetSysClockFreq
                0x0000000008003bb8      0x1b0 Drivers/STM32F4xx_HAL_Driver/Src/stm32f4xx_hal_rcc.o
                0x0000000008003bb8                HAL_RCC_GetSysClockFreq
 .text.HAL_RCC_GetHCLKFreq
                0x0000000008003d68       0x18 Drivers/STM32F4xx_HAL_Driver/Src/stm32f4xx_hal_rcc.o
                0x0000000008003d68                HAL_RCC_GetHCLKFreq
 .text.HAL_RCC_GetPCLK1Freq
                0x0000000008003d80       0x28 Drivers/STM32F4xx_HAL_Driver/Src/stm32f4xx_hal_rcc.o
                0x0000000008003d80                HAL_RCC_GetPCLK1Freq
 .text.HAL_RCCEx_PeriphCLKConfig
                0x0000000008003da8      0x1e0 Drivers/STM32F4xx_HAL_Driver/Src/stm32f4xx_hal_rcc_ex.o
                0x0000000008003da8                HAL_RCCEx_PeriphCLKConfig
 .text.HAL_RCCEx_GetPeriphCLKFreq
                0x0000000008003f88       0xbc Drivers/STM32F4xx_HAL_Driver/Src/stm32f4xx_hal_rcc_ex.o
                0x0000000008003f88                HAL_RCCEx_GetPeriphCLKFreq
 .text.HAL_SPI_Init
                0x0000000008004044       0xc8 Drivers/STM32F4xx_HAL_Driver/Src/stm32f4xx_hal_spi.o
                0x0000000008004044                HAL_SPI_Init
 .text.USB_CoreInit
                0x000000000800410c       0xc2 Drivers/STM32F4xx_HAL_Driver/Src/stm32f4xx_ll_usb.o
                0x000000000800410c                USB_CoreInit
 *fill*         0x00000000080041ce        0x2 
 .text.USB_SetTurnaroundTime
                0x00000000080041d0      0x144 Drivers/STM32F4xx_HAL_Driver/Src/stm32f4xx_ll_usb.o
                0x00000000080041d0                USB_SetTurnaroundTime
 .text.USB_EnableGlobalInt
                0x0000000008004314       0x22 Drivers/STM32F4xx_HAL_Driver/Src/stm32f4xx_ll_usb.o
                0x0000000008004314                USB_EnableGlobalInt
 .text.USB_DisableGlobalInt
                0x0000000008004336       0x22 Drivers/STM32F4xx_HAL_Driver/Src/stm32f4xx_ll_usb.o
                0x0000000008004336                USB_DisableGlobalInt
 .text.USB_SetCurrentMode
                0x0000000008004358       0x54 Drivers/STM32F4xx_HAL_Driver/Src/stm32f4xx_ll_usb.o
                0x0000000008004358                USB_SetCurrentMode
 .text.USB_DevInit
                0x00000000080043ac      0x2c8 Drivers/STM32F4xx_HAL_Driver/Src/stm32f4xx_ll_usb.o
                0x00000000080043ac                USB_DevInit
 .text.USB_FlushTxFifo
                0x0000000008004674       0x4c Drivers/STM32F4xx_HAL_Driver/Src/stm32f4xx_ll_usb.o
                0x0000000008004674                USB_FlushTxFifo
 .text.USB_FlushRxFifo
                0x00000000080046c0       0x44 Drivers/STM32F4xx_HAL_Driver/Src/stm32f4xx_ll_usb.o
                0x00000000080046c0                USB_FlushRxFifo
 .text.USB_SetDevSpeed
                0x0000000008004704       0x32 Drivers/STM32F4xx_HAL_Driver/Src/stm32f4xx_ll_usb.o
                0x0000000008004704                USB_SetDevSpeed
 .text.USB_GetDevSpeed
                0x0000000008004736       0x4a Drivers/STM32F4xx_HAL_Driver/Src/stm32f4xx_ll_usb.o
                0x0000000008004736                USB_GetDevSpeed
 .text.USB_ActivateEndpoint
                0x0000000008004780      0x10e Drivers/STM32F4xx_HAL_Driver/Src/stm32f4xx_ll_usb.o
                0x0000000008004780                USB_ActivateEndpoint
 *fill*         0x000000000800488e        0x2 
 .text.USB_DeactivateEndpoint
                0x0000000008004890      0x1b8 Drivers/STM32F4xx_HAL_Driver/Src/stm32f4xx_ll_usb.o
                0x0000000008004890                USB_DeactivateEndpoint
 .text.USB_EPStartXfer
                0x0000000008004a48      0x488 Drivers/STM32F4xx_HAL_Driver/Src/stm32f4xx_ll_usb.o
                0x0000000008004a48                USB_EPStartXfer
 .text.USB_EP0StartXfer
                0x0000000008004ed0      0x2a6 Drivers/STM32F4xx_HAL_Driver/Src/stm32f4xx_ll_usb.o
                0x0000000008004ed0                USB_EP0StartXfer
 .text.USB_WritePacket
                0x0000000008005176       0x6a Drivers/STM32F4xx_HAL_Driver/Src/stm32f4xx_ll_usb.o
                0x0000000008005176                USB_WritePacket
 .text.USB_ReadPacket
                0x00000000080051e0       0x52 Drivers/STM32F4xx_HAL_Driver/Src/stm32f4xx_ll_usb.o
                0x00000000080051e0                USB_ReadPacket
 .text.USB_EPSetStall
                0x0000000008005232       0xdc Drivers/STM32F4xx_HAL_Driver/Src/stm32f4xx_ll_usb.o
                0x0000000008005232                USB_EPSetStall
 .text.USB_EPClearStall
                0x000000000800530e       0xcc Drivers/STM32F4xx_HAL_Driver/Src/stm32f4xx_ll_usb.o
                0x000000000800530e                USB_EPClearStall
 .text.USB_SetDevAddress
                0x00000000080053da       0x4c Drivers/STM32F4xx_HAL_Driver/Src/stm32f4xx_ll_usb.o
                0x00000000080053da                USB_SetDevAddress
 .text.USB_DevConnect
                0x0000000008005426       0x42 Drivers/STM32F4xx_HAL_Driver/Src/stm32f4xx_ll_usb.o
                0x0000000008005426                USB_DevConnect
 .text.USB_DevDisconnect
                0x0000000008005468       0x42 Drivers/STM32F4xx_HAL_Driver/Src/stm32f4xx_ll_usb.o
                0x0000000008005468                USB_DevDisconnect
 .text.USB_ReadInterrupts
                0x00000000080054aa       0x26 Drivers/STM32F4xx_HAL_Driver/Src/stm32f4xx_ll_usb.o
                0x00000000080054aa                USB_ReadInterrupts
 .text.USB_ReadDevAllOutEpInterrupt
                0x00000000080054d0       0x34 Drivers/STM32F4xx_HAL_Driver/Src/stm32f4xx_ll_usb.o
                0x00000000080054d0                USB_ReadDevAllOutEpInterrupt
 .text.USB_ReadDevAllInEpInterrupt
                0x0000000008005504       0x34 Drivers/STM32F4xx_HAL_Driver/Src/stm32f4xx_ll_usb.o
                0x0000000008005504                USB_ReadDevAllInEpInterrupt
 .text.USB_ReadDevOutEPInterrupt
                0x0000000008005538       0x3c Drivers/STM32F4xx_HAL_Driver/Src/stm32f4xx_ll_usb.o
                0x0000000008005538                USB_ReadDevOutEPInterrupt
 .text.USB_ReadDevInEPInterrupt
                0x0000000008005574       0x5c Drivers/STM32F4xx_HAL_Driver/Src/stm32f4xx_ll_usb.o
                0x0000000008005574                USB_ReadDevInEPInterrupt
 .text.USB_GetMode
                0x00000000080055d0       0x1c Drivers/STM32F4xx_HAL_Driver/Src/stm32f4xx_ll_usb.o
                0x00000000080055d0                USB_GetMode
 .text.USB_ActivateSetup
                0x00000000080055ec       0x46 Drivers/STM32F4xx_HAL_Driver/Src/stm32f4xx_ll_usb.o
                0x00000000080055ec                USB_ActivateSetup
 *fill*         0x0000000008005632        0x2 
 .text.USB_EP0_OutStart
                0x0000000008005634       0xbc Drivers/STM32F4xx_HAL_Driver/Src/stm32f4xx_ll_usb.o
                0x0000000008005634                USB_EP0_OutStart
 .text.USB_CoreReset
                0x00000000080056f0       0x68 Drivers/STM32F4xx_HAL_Driver/Src/stm32f4xx_ll_usb.o
 .text.USBD_HID_Init
                0x0000000008005758       0x68 Middlewares/ST/STM32_USB_Device_Library/Class/HID/Src/usbd_hid.o
 .text.USBD_HID_DeInit
                0x00000000080057c0       0x48 Middlewares/ST/STM32_USB_Device_Library/Class/HID/Src/usbd_hid.o
 .text.USBD_HID_Setup
                0x0000000008005808      0x1f4 Middlewares/ST/STM32_USB_Device_Library/Class/HID/Src/usbd_hid.o
 .text.USBD_HID_SendReport
                0x00000000080059fc       0x44 Middlewares/ST/STM32_USB_Device_Library/Class/HID/Src/usbd_hid.o
                0x00000000080059fc                USBD_HID_SendReport
 .text.USBD_HID_GetFSCfgDesc
                0x0000000008005a40       0x20 Middlewares/ST/STM32_USB_Device_Library/Class/HID/Src/usbd_hid.o
 .text.USBD_HID_GetHSCfgDesc
                0x0000000008005a60       0x20 Middlewares/ST/STM32_USB_Device_Library/Class/HID/Src/usbd_hid.o
 .text.USBD_HID_GetOtherSpeedCfgDesc
                0x0000000008005a80       0x20 Middlewares/ST/STM32_USB_Device_Library/Class/HID/Src/usbd_hid.o
 .text.USBD_HID_DataIn
                0x0000000008005aa0       0x24 Middlewares/ST/STM32_USB_Device_Library/Class/HID/Src/usbd_hid.o
 .text.USBD_HID_GetDeviceQualifierDesc
                0x0000000008005ac4       0x20 Middlewares/ST/STM32_USB_Device_Library/Class/HID/Src/usbd_hid.o
 .text.USBD_Init
                0x0000000008005ae4       0x6c Middlewares/ST/STM32_USB_Device_Library/Core/Src/usbd_core.o
                0x0000000008005ae4                USBD_Init
 .text.USBD_RegisterClass
                0x0000000008005b50       0x42 Middlewares/ST/STM32_USB_Device_Library/Core/Src/usbd_core.o
                0x0000000008005b50                USBD_RegisterClass
 .text.USBD_Start
                0x0000000008005b92       0x18 Middlewares/ST/STM32_USB_Device_Library/Core/Src/usbd_core.o
                0x0000000008005b92                USBD_Start
 .text.USBD_RunTestMode
                0x0000000008005baa       0x16 Middlewares/ST/STM32_USB_Device_Library/Core/Src/usbd_core.o
                0x0000000008005baa                USBD_RunTestMode
 .text.USBD_SetClassConfig
                0x0000000008005bc0       0x38 Middlewares/ST/STM32_USB_Device_Library/Core/Src/usbd_core.o
                0x0000000008005bc0                USBD_SetClassConfig
 .text.USBD_ClrClassConfig
                0x0000000008005bf8       0x30 Middlewares/ST/STM32_USB_Device_Library/Core/Src/usbd_core.o
                0x0000000008005bf8                USBD_ClrClassConfig
 .text.USBD_LL_SetupStage
                0x0000000008005c28       0xa6 Middlewares/ST/STM32_USB_Device_Library/Core/Src/usbd_core.o
                0x0000000008005c28                USBD_LL_SetupStage
 .text.USBD_LL_DataOutStage
                0x0000000008005cce       0xc6 Middlewares/ST/STM32_USB_Device_Library/Core/Src/usbd_core.o
                0x0000000008005cce                USBD_LL_DataOutStage
 .text.USBD_LL_DataInStage
                0x0000000008005d94      0x12c Middlewares/ST/STM32_USB_Device_Library/Core/Src/usbd_core.o
                0x0000000008005d94                USBD_LL_DataInStage
 .text.USBD_LL_Reset
                0x0000000008005ec0       0x82 Middlewares/ST/STM32_USB_Device_Library/Core/Src/usbd_core.o
                0x0000000008005ec0                USBD_LL_Reset
 .text.USBD_LL_SetSpeed
                0x0000000008005f42       0x20 Middlewares/ST/STM32_USB_Device_Library/Core/Src/usbd_core.o
                0x0000000008005f42                USBD_LL_SetSpeed
 .text.USBD_LL_Suspend
                0x0000000008005f62       0x2a Middlewares/ST/STM32_USB_Device_Library/Core/Src/usbd_core.o
                0x0000000008005f62                USBD_LL_Suspend
 .text.USBD_LL_Resume
                0x0000000008005f8c       0x2c Middlewares/ST/STM32_USB_Device_Library/Core/Src/usbd_core.o
                0x0000000008005f8c                USBD_LL_Resume
 .text.USBD_LL_SOF
                0x0000000008005fb8       0x34 Middlewares/ST/STM32_USB_Device_Library/Core/Src/usbd_core.o
                0x0000000008005fb8                USBD_LL_SOF
 .text.USBD_LL_IsoINIncomplete
                0x0000000008005fec       0x1a Middlewares/ST/STM32_USB_Device_Library/Core/Src/usbd_core.o
                0x0000000008005fec                USBD_LL_IsoINIncomplete
 .text.USBD_LL_IsoOUTIncomplete
                0x0000000008006006       0x1a Middlewares/ST/STM32_USB_Device_Library/Core/Src/usbd_core.o
                0x0000000008006006                USBD_LL_IsoOUTIncomplete
 .text.USBD_LL_DevConnected
                0x0000000008006020       0x16 Middlewares/ST/STM32_USB_Device_Library/Core/Src/usbd_core.o
                0x0000000008006020                USBD_LL_DevConnected
 .text.USBD_LL_DevDisconnected
                0x0000000008006036       0x38 Middlewares/ST/STM32_USB_Device_Library/Core/Src/usbd_core.o
                0x0000000008006036                USBD_LL_DevDisconnected
 .text.SWAPBYTE
                0x000000000800606e       0x3c Middlewares/ST/STM32_USB_Device_Library/Core/Src/usbd_ctlreq.o
 *fill*         0x00000000080060aa        0x2 
 .text.USBD_StdDevReq
                0x00000000080060ac       0xdc Middlewares/ST/STM32_USB_Device_Library/Core/Src/usbd_ctlreq.o
                0x00000000080060ac                USBD_StdDevReq
 .text.USBD_StdItfReq
                0x0000000008006188       0x8c Middlewares/ST/STM32_USB_Device_Library/Core/Src/usbd_ctlreq.o
                0x0000000008006188                USBD_StdItfReq
 .text.USBD_StdEPReq
                0x0000000008006214      0x2aa Middlewares/ST/STM32_USB_Device_Library/Core/Src/usbd_ctlreq.o
                0x0000000008006214                USBD_StdEPReq
 *fill*         0x00000000080064be        0x2 
 .text.USBD_GetDescriptor
                0x00000000080064c0      0x2d4 Middlewares/ST/STM32_USB_Device_Library/Core/Src/usbd_ctlreq.o
 .text.USBD_SetAddress
                0x0000000008006794       0x84 Middlewares/ST/STM32_USB_Device_Library/Core/Src/usbd_ctlreq.o
 .text.USBD_SetConfig
                0x0000000008006818      0x148 Middlewares/ST/STM32_USB_Device_Library/Core/Src/usbd_ctlreq.o
 .text.USBD_GetConfig
                0x0000000008006960       0x68 Middlewares/ST/STM32_USB_Device_Library/Core/Src/usbd_ctlreq.o
 .text.USBD_GetStatus
                0x00000000080069c8       0x66 Middlewares/ST/STM32_USB_Device_Library/Core/Src/usbd_ctlreq.o
 .text.USBD_SetFeature
                0x0000000008006a2e       0x28 Middlewares/ST/STM32_USB_Device_Library/Core/Src/usbd_ctlreq.o
 .text.USBD_ClrFeature
                0x0000000008006a56       0x42 Middlewares/ST/STM32_USB_Device_Library/Core/Src/usbd_ctlreq.o
 .text.USBD_ParseSetupRequest
                0x0000000008006a98       0x74 Middlewares/ST/STM32_USB_Device_Library/Core/Src/usbd_ctlreq.o
                0x0000000008006a98                USBD_ParseSetupRequest
 .text.USBD_CtlError
                0x0000000008006b0c       0x22 Middlewares/ST/STM32_USB_Device_Library/Core/Src/usbd_ctlreq.o
                0x0000000008006b0c                USBD_CtlError
 .text.USBD_GetString
                0x0000000008006b2e       0x8c Middlewares/ST/STM32_USB_Device_Library/Core/Src/usbd_ctlreq.o
                0x0000000008006b2e                USBD_GetString
 .text.USBD_GetLen
                0x0000000008006bba       0x34 Middlewares/ST/STM32_USB_Device_Library/Core/Src/usbd_ctlreq.o
 .text.USBD_CtlSendData
                0x0000000008006bee       0x36 Middlewares/ST/STM32_USB_Device_Library/Core/Src/usbd_ioreq.o
                0x0000000008006bee                USBD_CtlSendData
 .text.USBD_CtlContinueSendData
                0x0000000008006c24       0x22 Middlewares/ST/STM32_USB_Device_Library/Core/Src/usbd_ioreq.o
                0x0000000008006c24                USBD_CtlContinueSendData
 .text.USBD_CtlContinueRx
                0x0000000008006c46       0x22 Middlewares/ST/STM32_USB_Device_Library/Core/Src/usbd_ioreq.o
                0x0000000008006c46                USBD_CtlContinueRx
 .text.USBD_CtlSendStatus
                0x0000000008006c68       0x26 Middlewares/ST/STM32_USB_Device_Library/Core/Src/usbd_ioreq.o
                0x0000000008006c68                USBD_CtlSendStatus
 .text.USBD_CtlReceiveStatus
                0x0000000008006c8e       0x26 Middlewares/ST/STM32_USB_Device_Library/Core/Src/usbd_ioreq.o
                0x0000000008006c8e                USBD_CtlReceiveStatus
 .text.MX_USB_DEVICE_Init
                0x0000000008006cb4       0x4c USB_DEVICE/App/usb_device.o
                0x0000000008006cb4                MX_USB_DEVICE_Init
 .text.USBD_FS_DeviceDescriptor
                0x0000000008006d00       0x24 USB_DEVICE/App/usbd_desc.o
                0x0000000008006d00                USBD_FS_DeviceDescriptor
 .text.USBD_FS_LangIDStrDescriptor
                0x0000000008006d24       0x24 USB_DEVICE/App/usbd_desc.o
                0x0000000008006d24                USBD_FS_LangIDStrDescriptor
 .text.USBD_FS_ProductStrDescriptor
                0x0000000008006d48       0x3c USB_DEVICE/App/usbd_desc.o
                0x0000000008006d48                USBD_FS_ProductStrDescriptor
 .text.USBD_FS_ManufacturerStrDescriptor
                0x0000000008006d84       0x28 USB_DEVICE/App/usbd_desc.o
                0x0000000008006d84                USBD_FS_ManufacturerStrDescriptor
 .text.USBD_FS_SerialStrDescriptor
                0x0000000008006dac       0x24 USB_DEVICE/App/usbd_desc.o
                0x0000000008006dac                USBD_FS_SerialStrDescriptor
 .text.USBD_FS_ConfigStrDescriptor
                0x0000000008006dd0       0x3c USB_DEVICE/App/usbd_desc.o
                0x0000000008006dd0                USBD_FS_ConfigStrDescriptor
 .text.USBD_FS_InterfaceStrDescriptor
                0x0000000008006e0c       0x3c USB_DEVICE/App/usbd_desc.o
                0x0000000008006e0c                USBD_FS_InterfaceStrDescriptor
 .text.Get_SerialNum
                0x0000000008006e48       0x58 USB_DEVICE/App/usbd_desc.o
 .text.IntToUnicode
                0x0000000008006ea0       0x7c USB_DEVICE/App/usbd_desc.o
 .text.HAL_PCD_MspInit
                0x0000000008006f1c       0xc4 USB_DEVICE/Target/usbd_conf.o
                0x0000000008006f1c                HAL_PCD_MspInit
 .text.HAL_PCD_SetupStageCallback
                0x0000000008006fe0       0x24 USB_DEVICE/Target/usbd_conf.o
                0x0000000008006fe0                HAL_PCD_SetupStageCallback
 .text.HAL_PCD_DataOutStageCallback
                0x0000000008007004       0x36 USB_DEVICE/Target/usbd_conf.o
                0x0000000008007004                HAL_PCD_DataOutStageCallback
 .text.HAL_PCD_DataInStageCallback
                0x000000000800703a       0x34 USB_DEVICE/Target/usbd_conf.o
                0x000000000800703a                HAL_PCD_DataInStageCallback
 .text.HAL_PCD_SOFCallback
                0x000000000800706e       0x1c USB_DEVICE/Target/usbd_conf.o
                0x000000000800706e                HAL_PCD_SOFCallback
 .text.HAL_PCD_ResetCallback
                0x000000000800708a       0x3c USB_DEVICE/Target/usbd_conf.o
                0x000000000800708a                HAL_PCD_ResetCallback
 *fill*         0x00000000080070c6        0x2 
 .text.HAL_PCD_SuspendCallback
                0x00000000080070c8       0x4c USB_DEVICE/Target/usbd_conf.o
                0x00000000080070c8                HAL_PCD_SuspendCallback
 .text.HAL_PCD_ResumeCallback
                0x0000000008007114       0x1c USB_DEVICE/Target/usbd_conf.o
                0x0000000008007114                HAL_PCD_ResumeCallback
 .text.HAL_PCD_ISOOUTIncompleteCallback
                0x0000000008007130       0x24 USB_DEVICE/Target/usbd_conf.o
                0x0000000008007130                HAL_PCD_ISOOUTIncompleteCallback
 .text.HAL_PCD_ISOINIncompleteCallback
                0x0000000008007154       0x24 USB_DEVICE/Target/usbd_conf.o
                0x0000000008007154                HAL_PCD_ISOINIncompleteCallback
 .text.HAL_PCD_ConnectCallback
                0x0000000008007178       0x1c USB_DEVICE/Target/usbd_conf.o
                0x0000000008007178                HAL_PCD_ConnectCallback
 .text.HAL_PCD_DisconnectCallback
                0x0000000008007194       0x1c USB_DEVICE/Target/usbd_conf.o
                0x0000000008007194                HAL_PCD_DisconnectCallback
 .text.USBD_LL_Init
                0x00000000080071b0       0x98 USB_DEVICE/Target/usbd_conf.o
                0x00000000080071b0                USBD_LL_Init
 .text.USBD_LL_Start
                0x0000000008007248       0x36 USB_DEVICE/Target/usbd_conf.o
                0x0000000008007248                USBD_LL_Start
 .text.USBD_LL_OpenEP
                0x000000000800727e       0x4c USB_DEVICE/Target/usbd_conf.o
                0x000000000800727e                USBD_LL_OpenEP
 .text.USBD_LL_CloseEP
                0x00000000080072ca       0x3e USB_DEVICE/Target/usbd_conf.o
                0x00000000080072ca                USBD_LL_CloseEP
 .text.USBD_LL_StallEP
                0x0000000008007308       0x3e USB_DEVICE/Target/usbd_conf.o
                0x0000000008007308                USBD_LL_StallEP
 .text.USBD_LL_ClearStallEP
                0x0000000008007346       0x3e USB_DEVICE/Target/usbd_conf.o
                0x0000000008007346                USBD_LL_ClearStallEP
 .text.USBD_LL_IsStallEP
                0x0000000008007384       0x58 USB_DEVICE/Target/usbd_conf.o
                0x0000000008007384                USBD_LL_IsStallEP
 .text.USBD_LL_SetUSBAddress
                0x00000000080073dc       0x3e USB_DEVICE/Target/usbd_conf.o
                0x00000000080073dc                USBD_LL_SetUSBAddress
 .text.USBD_LL_Transmit
                0x000000000800741a       0x42 USB_DEVICE/Target/usbd_conf.o
                0x000000000800741a                USBD_LL_Transmit
 .text.USBD_LL_PrepareReceive
                0x000000000800745c       0x42 USB_DEVICE/Target/usbd_conf.o
                0x000000000800745c                USBD_LL_PrepareReceive
 *fill*         0x000000000800749e        0x2 
 .text.USBD_Get_USB_Status
                0x00000000080074a0       0x58 USB_DEVICE/Target/usbd_conf.o
                0x00000000080074a0                USBD_Get_USB_Status
 .text.__errno  0x00000000080074f8        0xc d:/programi/stm/stm32cubeide_1.4.0/stm32cubeide/plugins/com.st.stm32cube.ide.mcu.externaltools.gnu-tools-for-stm32.7-2018-q2-update.win32_1.4.0.202007081208/tools/bin/../lib/gcc/arm-none-eabi/7.3.1/../../../../arm-none-eabi/lib/thumb/v7e-m/fpv4-sp/hard\libc_nano.a(lib_a-errno.o)
                0x00000000080074f8                __errno
 .text.__libc_init_array
                0x0000000008007504       0x48 d:/programi/stm/stm32cubeide_1.4.0/stm32cubeide/plugins/com.st.stm32cube.ide.mcu.externaltools.gnu-tools-for-stm32.7-2018-q2-update.win32_1.4.0.202007081208/tools/bin/../lib/gcc/arm-none-eabi/7.3.1/../../../../arm-none-eabi/lib/thumb/v7e-m/fpv4-sp/hard\libc_nano.a(lib_a-init.o)
                0x0000000008007504                __libc_init_array
 .text.malloc   0x000000000800754c       0x10 d:/programi/stm/stm32cubeide_1.4.0/stm32cubeide/plugins/com.st.stm32cube.ide.mcu.externaltools.gnu-tools-for-stm32.7-2018-q2-update.win32_1.4.0.202007081208/tools/bin/../lib/gcc/arm-none-eabi/7.3.1/../../../../arm-none-eabi/lib/thumb/v7e-m/fpv4-sp/hard\libc_nano.a(lib_a-malloc.o)
                0x000000000800754c                malloc
 .text.free     0x000000000800755c       0x10 d:/programi/stm/stm32cubeide_1.4.0/stm32cubeide/plugins/com.st.stm32cube.ide.mcu.externaltools.gnu-tools-for-stm32.7-2018-q2-update.win32_1.4.0.202007081208/tools/bin/../lib/gcc/arm-none-eabi/7.3.1/../../../../arm-none-eabi/lib/thumb/v7e-m/fpv4-sp/hard\libc_nano.a(lib_a-malloc.o)
                0x000000000800755c                free
 .text.memset   0x000000000800756c       0x10 d:/programi/stm/stm32cubeide_1.4.0/stm32cubeide/plugins/com.st.stm32cube.ide.mcu.externaltools.gnu-tools-for-stm32.7-2018-q2-update.win32_1.4.0.202007081208/tools/bin/../lib/gcc/arm-none-eabi/7.3.1/../../../../arm-none-eabi/lib/thumb/v7e-m/fpv4-sp/hard\libc_nano.a(lib_a-memset.o)
                0x000000000800756c                memset
 .text._free_r  0x000000000800757c       0x9c d:/programi/stm/stm32cubeide_1.4.0/stm32cubeide/plugins/com.st.stm32cube.ide.mcu.externaltools.gnu-tools-for-stm32.7-2018-q2-update.win32_1.4.0.202007081208/tools/bin/../lib/gcc/arm-none-eabi/7.3.1/../../../../arm-none-eabi/lib/thumb/v7e-m/fpv4-sp/hard\libc_nano.a(lib_a-nano-freer.o)
                0x000000000800757c                _free_r
 .text._malloc_r
                0x0000000008007618       0xb4 d:/programi/stm/stm32cubeide_1.4.0/stm32cubeide/plugins/com.st.stm32cube.ide.mcu.externaltools.gnu-tools-for-stm32.7-2018-q2-update.win32_1.4.0.202007081208/tools/bin/../lib/gcc/arm-none-eabi/7.3.1/../../../../arm-none-eabi/lib/thumb/v7e-m/fpv4-sp/hard\libc_nano.a(lib_a-nano-mallocr.o)
                0x0000000008007618                _malloc_r
 .text._sbrk_r  0x00000000080076cc       0x20 d:/programi/stm/stm32cubeide_1.4.0/stm32cubeide/plugins/com.st.stm32cube.ide.mcu.externaltools.gnu-tools-for-stm32.7-2018-q2-update.win32_1.4.0.202007081208/tools/bin/../lib/gcc/arm-none-eabi/7.3.1/../../../../arm-none-eabi/lib/thumb/v7e-m/fpv4-sp/hard\libc_nano.a(lib_a-sbrkr.o)
                0x00000000080076cc                _sbrk_r
 .text.__malloc_lock
                0x00000000080076ec        0x2 d:/programi/stm/stm32cubeide_1.4.0/stm32cubeide/plugins/com.st.stm32cube.ide.mcu.externaltools.gnu-tools-for-stm32.7-2018-q2-update.win32_1.4.0.202007081208/tools/bin/../lib/gcc/arm-none-eabi/7.3.1/../../../../arm-none-eabi/lib/thumb/v7e-m/fpv4-sp/hard\libc_nano.a(lib_a-mlock.o)
                0x00000000080076ec                __malloc_lock
 .text.__malloc_unlock
                0x00000000080076ee        0x2 d:/programi/stm/stm32cubeide_1.4.0/stm32cubeide/plugins/com.st.stm32cube.ide.mcu.externaltools.gnu-tools-for-stm32.7-2018-q2-update.win32_1.4.0.202007081208/tools/bin/../lib/gcc/arm-none-eabi/7.3.1/../../../../arm-none-eabi/lib/thumb/v7e-m/fpv4-sp/hard\libc_nano.a(lib_a-mlock.o)
                0x00000000080076ee                __malloc_unlock
 *(.glue_7)
 .glue_7        0x00000000080076f0        0x0 linker stubs
 *(.glue_7t)
 .glue_7t       0x00000000080076f0        0x0 linker stubs
 *(.eh_frame)
 .eh_frame      0x00000000080076f0        0x0 d:/programi/stm/stm32cubeide_1.4.0/stm32cubeide/plugins/com.st.stm32cube.ide.mcu.externaltools.gnu-tools-for-stm32.7-2018-q2-update.win32_1.4.0.202007081208/tools/bin/../lib/gcc/arm-none-eabi/7.3.1/thumb/v7e-m/fpv4-sp/hard/crtbegin.o
 *(.init)
 .init          0x00000000080076f0        0x4 d:/programi/stm/stm32cubeide_1.4.0/stm32cubeide/plugins/com.st.stm32cube.ide.mcu.externaltools.gnu-tools-for-stm32.7-2018-q2-update.win32_1.4.0.202007081208/tools/bin/../lib/gcc/arm-none-eabi/7.3.1/thumb/v7e-m/fpv4-sp/hard/crti.o
                0x00000000080076f0                _init
 .init          0x00000000080076f4        0x8 d:/programi/stm/stm32cubeide_1.4.0/stm32cubeide/plugins/com.st.stm32cube.ide.mcu.externaltools.gnu-tools-for-stm32.7-2018-q2-update.win32_1.4.0.202007081208/tools/bin/../lib/gcc/arm-none-eabi/7.3.1/thumb/v7e-m/fpv4-sp/hard/crtn.o
 *(.fini)
 .fini          0x00000000080076fc        0x4 d:/programi/stm/stm32cubeide_1.4.0/stm32cubeide/plugins/com.st.stm32cube.ide.mcu.externaltools.gnu-tools-for-stm32.7-2018-q2-update.win32_1.4.0.202007081208/tools/bin/../lib/gcc/arm-none-eabi/7.3.1/thumb/v7e-m/fpv4-sp/hard/crti.o
                0x00000000080076fc                _fini
 .fini          0x0000000008007700        0x8 d:/programi/stm/stm32cubeide_1.4.0/stm32cubeide/plugins/com.st.stm32cube.ide.mcu.externaltools.gnu-tools-for-stm32.7-2018-q2-update.win32_1.4.0.202007081208/tools/bin/../lib/gcc/arm-none-eabi/7.3.1/thumb/v7e-m/fpv4-sp/hard/crtn.o
                0x0000000008007708                . = ALIGN (0x4)
                0x0000000008007708                _etext = .

.vfp11_veneer   0x0000000008007708        0x0
 .vfp11_veneer  0x0000000008007708        0x0 linker stubs

.v4_bx          0x0000000008007708        0x0
 .v4_bx         0x0000000008007708        0x0 linker stubs

.iplt           0x0000000008007708        0x0
 .iplt          0x0000000008007708        0x0 d:/programi/stm/stm32cubeide_1.4.0/stm32cubeide/plugins/com.st.stm32cube.ide.mcu.externaltools.gnu-tools-for-stm32.7-2018-q2-update.win32_1.4.0.202007081208/tools/bin/../lib/gcc/arm-none-eabi/7.3.1/thumb/v7e-m/fpv4-sp/hard/crtbegin.o

.rodata         0x0000000008007708       0x60
                0x0000000008007708                . = ALIGN (0x4)
 *(.rodata)
 .rodata        0x0000000008007708       0x46 USB_DEVICE/App/usbd_desc.o
 *(.rodata*)
 *fill*         0x000000000800774e        0x2 
 .rodata.AHBPrescTable
                0x0000000008007750       0x10 Core/Src/system_stm32f4xx.o
                0x0000000008007750                AHBPrescTable
 .rodata.APBPrescTable
                0x0000000008007760        0x8 Core/Src/system_stm32f4xx.o
                0x0000000008007760                APBPrescTable
                0x0000000008007768                . = ALIGN (0x4)

.ARM.extab      0x0000000008007768        0x0
                0x0000000008007768                . = ALIGN (0x4)
 *(.ARM.extab* .gnu.linkonce.armextab.*)
                0x0000000008007768                . = ALIGN (0x4)

.ARM            0x0000000008007768        0x8
                0x0000000008007768                . = ALIGN (0x4)
                0x0000000008007768                __exidx_start = .
 *(.ARM.exidx*)
 .ARM.exidx     0x0000000008007768        0x8 d:/programi/stm/stm32cubeide_1.4.0/stm32cubeide/plugins/com.st.stm32cube.ide.mcu.externaltools.gnu-tools-for-stm32.7-2018-q2-update.win32_1.4.0.202007081208/tools/bin/../lib/gcc/arm-none-eabi/7.3.1/thumb/v7e-m/fpv4-sp/hard\libgcc.a(_udivmoddi4.o)
                0x0000000008007770                __exidx_end = .
                0x0000000008007770                . = ALIGN (0x4)

.rel.dyn        0x0000000008007770        0x0
 .rel.iplt      0x0000000008007770        0x0 d:/programi/stm/stm32cubeide_1.4.0/stm32cubeide/plugins/com.st.stm32cube.ide.mcu.externaltools.gnu-tools-for-stm32.7-2018-q2-update.win32_1.4.0.202007081208/tools/bin/../lib/gcc/arm-none-eabi/7.3.1/thumb/v7e-m/fpv4-sp/hard/crtbegin.o

.preinit_array  0x0000000008007770        0x0
                0x0000000008007770                . = ALIGN (0x4)
                0x0000000008007770                PROVIDE (__preinit_array_start = .)
 *(.preinit_array*)
                0x0000000008007770                PROVIDE (__preinit_array_end = .)
                0x0000000008007770                . = ALIGN (0x4)

.init_array     0x0000000008007770        0x4
                0x0000000008007770                . = ALIGN (0x4)
                0x0000000008007770                PROVIDE (__init_array_start = .)
 *(SORT_BY_NAME(.init_array.*))
 *(.init_array*)
 .init_array    0x0000000008007770        0x4 d:/programi/stm/stm32cubeide_1.4.0/stm32cubeide/plugins/com.st.stm32cube.ide.mcu.externaltools.gnu-tools-for-stm32.7-2018-q2-update.win32_1.4.0.202007081208/tools/bin/../lib/gcc/arm-none-eabi/7.3.1/thumb/v7e-m/fpv4-sp/hard/crtbegin.o
                0x0000000008007774                PROVIDE (__init_array_end = .)
                0x0000000008007774                . = ALIGN (0x4)

.fini_array     0x0000000008007774        0x4
                0x0000000008007774                . = ALIGN (0x4)
                [!provide]                        PROVIDE (__fini_array_start = .)
 *(SORT_BY_NAME(.fini_array.*))
 *(.fini_array*)
 .fini_array    0x0000000008007774        0x4 d:/programi/stm/stm32cubeide_1.4.0/stm32cubeide/plugins/com.st.stm32cube.ide.mcu.externaltools.gnu-tools-for-stm32.7-2018-q2-update.win32_1.4.0.202007081208/tools/bin/../lib/gcc/arm-none-eabi/7.3.1/thumb/v7e-m/fpv4-sp/hard/crtbegin.o
                [!provide]                        PROVIDE (__fini_array_end = .)
                0x0000000008007778                . = ALIGN (0x4)
                0x0000000008007778                _sidata = LOADADDR (.data)

.data           0x0000000020000000      0x1d8 load address 0x0000000008007778
                0x0000000020000000                . = ALIGN (0x4)
                0x0000000020000000                _sdata = .
 *(.data)
 *(.data*)
 .data.polje_x  0x0000000020000000        0x8 Core/Src/main.o
                0x0000000020000000                polje_x
 .data.polje_y  0x0000000020000008        0x8 Core/Src/main.o
                0x0000000020000008                polje_y
 .data.SystemCoreClock
                0x0000000020000010        0x4 Core/Src/system_stm32f4xx.o
                0x0000000020000010                SystemCoreClock
 .data.uwTickPrio
                0x0000000020000014        0x4 Drivers/STM32F4xx_HAL_Driver/Src/stm32f4xx_hal.o
                0x0000000020000014                uwTickPrio
 .data.uwTickFreq
                0x0000000020000018        0x1 Drivers/STM32F4xx_HAL_Driver/Src/stm32f4xx_hal.o
                0x0000000020000018                uwTickFreq
 *fill*         0x0000000020000019        0x3 
 .data.USBD_HID
                0x000000002000001c       0x38 Middlewares/ST/STM32_USB_Device_Library/Class/HID/Src/usbd_hid.o
                0x000000002000001c                USBD_HID
 .data.USBD_HID_CfgFSDesc
                0x0000000020000054       0x22 Middlewares/ST/STM32_USB_Device_Library/Class/HID/Src/usbd_hid.o
 *fill*         0x0000000020000076        0x2 
 .data.USBD_HID_CfgHSDesc
                0x0000000020000078       0x22 Middlewares/ST/STM32_USB_Device_Library/Class/HID/Src/usbd_hid.o
 *fill*         0x000000002000009a        0x2 
 .data.USBD_HID_OtherSpeedCfgDesc
                0x000000002000009c       0x22 Middlewares/ST/STM32_USB_Device_Library/Class/HID/Src/usbd_hid.o
 *fill*         0x00000000200000be        0x2 
 .data.USBD_HID_Desc
                0x00000000200000c0        0x9 Middlewares/ST/STM32_USB_Device_Library/Class/HID/Src/usbd_hid.o
 *fill*         0x00000000200000c9        0x3 
 .data.USBD_HID_DeviceQualifierDesc
                0x00000000200000cc        0xa Middlewares/ST/STM32_USB_Device_Library/Class/HID/Src/usbd_hid.o
 *fill*         0x00000000200000d6        0x2 
 .data.HID_MOUSE_ReportDesc
                0x00000000200000d8       0x4a Middlewares/ST/STM32_USB_Device_Library/Class/HID/Src/usbd_hid.o
 *fill*         0x0000000020000122        0x2 
 .data.FS_Desc  0x0000000020000124       0x1c USB_DEVICE/App/usbd_desc.o
                0x0000000020000124                FS_Desc
 .data.USBD_FS_DeviceDesc
                0x0000000020000140       0x12 USB_DEVICE/App/usbd_desc.o
                0x0000000020000140                USBD_FS_DeviceDesc
 *fill*         0x0000000020000152        0x2 
 .data.USBD_LangIDDesc
                0x0000000020000154        0x4 USB_DEVICE/App/usbd_desc.o
                0x0000000020000154                USBD_LangIDDesc
 .data.USBD_StringSerial
                0x0000000020000158       0x1a USB_DEVICE/App/usbd_desc.o
                0x0000000020000158                USBD_StringSerial
 *fill*         0x0000000020000172        0x2 
 .data._impure_ptr
                0x0000000020000174        0x4 d:/programi/stm/stm32cubeide_1.4.0/stm32cubeide/plugins/com.st.stm32cube.ide.mcu.externaltools.gnu-tools-for-stm32.7-2018-q2-update.win32_1.4.0.202007081208/tools/bin/../lib/gcc/arm-none-eabi/7.3.1/../../../../arm-none-eabi/lib/thumb/v7e-m/fpv4-sp/hard\libc_nano.a(lib_a-impure.o)
                0x0000000020000174                _impure_ptr
 .data.impure_data
                0x0000000020000178       0x60 d:/programi/stm/stm32cubeide_1.4.0/stm32cubeide/plugins/com.st.stm32cube.ide.mcu.externaltools.gnu-tools-for-stm32.7-2018-q2-update.win32_1.4.0.202007081208/tools/bin/../lib/gcc/arm-none-eabi/7.3.1/../../../../arm-none-eabi/lib/thumb/v7e-m/fpv4-sp/hard\libc_nano.a(lib_a-impure.o)
                0x00000000200001d8                . = ALIGN (0x4)
                0x00000000200001d8                _edata = .

.igot.plt       0x00000000200001d8        0x0 load address 0x0000000008007950
 .igot.plt      0x00000000200001d8        0x0 d:/programi/stm/stm32cubeide_1.4.0/stm32cubeide/plugins/com.st.stm32cube.ide.mcu.externaltools.gnu-tools-for-stm32.7-2018-q2-update.win32_1.4.0.202007081208/tools/bin/../lib/gcc/arm-none-eabi/7.3.1/thumb/v7e-m/fpv4-sp/hard/crtbegin.o
                0x00000000200001d8                . = ALIGN (0x4)

.bss            0x00000000200001d8      0xa4c load address 0x0000000008007950
                0x00000000200001d8                _sbss = .
                0x00000000200001d8                __bss_start__ = _sbss
 *(.bss)
 .bss           0x00000000200001d8       0x1c d:/programi/stm/stm32cubeide_1.4.0/stm32cubeide/plugins/com.st.stm32cube.ide.mcu.externaltools.gnu-tools-for-stm32.7-2018-q2-update.win32_1.4.0.202007081208/tools/bin/../lib/gcc/arm-none-eabi/7.3.1/thumb/v7e-m/fpv4-sp/hard/crtbegin.o
 *(.bss*)
 .bss.porocilo  0x00000000200001f4        0x4 Core/Src/main.o
                0x00000000200001f4                porocilo
 .bss.__sbrk_heap_end
                0x00000000200001f8        0x4 Core/Src/sysmem.o
 .bss.cfgidx.10076
                0x00000000200001fc        0x1 Middlewares/ST/STM32_USB_Device_Library/Core/Src/usbd_ctlreq.o
 *fill*         0x00000000200001fd        0x3 
 .bss.__malloc_free_list
                0x0000000020000200        0x4 d:/programi/stm/stm32cubeide_1.4.0/stm32cubeide/plugins/com.st.stm32cube.ide.mcu.externaltools.gnu-tools-for-stm32.7-2018-q2-update.win32_1.4.0.202007081208/tools/bin/../lib/gcc/arm-none-eabi/7.3.1/../../../../arm-none-eabi/lib/thumb/v7e-m/fpv4-sp/hard\libc_nano.a(lib_a-nano-mallocr.o)
                0x0000000020000200                __malloc_free_list
 .bss.__malloc_sbrk_start
                0x0000000020000204        0x4 d:/programi/stm/stm32cubeide_1.4.0/stm32cubeide/plugins/com.st.stm32cube.ide.mcu.externaltools.gnu-tools-for-stm32.7-2018-q2-update.win32_1.4.0.202007081208/tools/bin/../lib/gcc/arm-none-eabi/7.3.1/../../../../arm-none-eabi/lib/thumb/v7e-m/fpv4-sp/hard\libc_nano.a(lib_a-nano-mallocr.o)
                0x0000000020000204                __malloc_sbrk_start
 *(COMMON)
 COMMON         0x0000000020000208      0x13c Core/Src/main.o
                0x0000000020000208                hi2c1
                0x000000002000025c                hspi1
                0x00000000200002b4                hi2s2
                0x00000000200002fc                hi2s3
 COMMON         0x0000000020000344        0x4 Drivers/STM32F4xx_HAL_Driver/Src/stm32f4xx_hal.o
                0x0000000020000344                uwTick
 COMMON         0x0000000020000348      0x2d0 USB_DEVICE/App/usb_device.o
                0x0000000020000348                hUsbDeviceFS
 COMMON         0x0000000020000618      0x200 USB_DEVICE/App/usbd_desc.o
                0x0000000020000618                USBD_StrDesc
 COMMON         0x0000000020000818      0x408 USB_DEVICE/Target/usbd_conf.o
                0x0000000020000818                hpcd_USB_OTG_FS
 COMMON         0x0000000020000c20        0x4 d:/programi/stm/stm32cubeide_1.4.0/stm32cubeide/plugins/com.st.stm32cube.ide.mcu.externaltools.gnu-tools-for-stm32.7-2018-q2-update.win32_1.4.0.202007081208/tools/bin/../lib/gcc/arm-none-eabi/7.3.1/../../../../arm-none-eabi/lib/thumb/v7e-m/fpv4-sp/hard\libc_nano.a(lib_a-reent.o)
                0x0000000020000c20                errno
                0x0000000020000c24                . = ALIGN (0x4)
                0x0000000020000c24                _ebss = .
                0x0000000020000c24                __bss_end__ = _ebss

._user_heap_stack
                0x0000000020000c24      0x604 load address 0x0000000008007950
                0x0000000020000c28                . = ALIGN (0x8)
 *fill*         0x0000000020000c24        0x4 
                [!provide]                        PROVIDE (end = .)
                0x0000000020000c28                PROVIDE (_end = .)
                0x0000000020000e28                . = (. + _Min_Heap_Size)
 *fill*         0x0000000020000c28      0x200 
                0x0000000020001228                . = (. + _Min_Stack_Size)
 *fill*         0x0000000020000e28      0x400 
                0x0000000020001228                . = ALIGN (0x8)

/DISCARD/
 libc.a(*)
 libm.a(*)
 libgcc.a(*)

.ARM.attributes
                0x0000000000000000       0x30
 *(.ARM.attributes)
 .ARM.attributes
                0x0000000000000000       0x22 d:/programi/stm/stm32cubeide_1.4.0/stm32cubeide/plugins/com.st.stm32cube.ide.mcu.externaltools.gnu-tools-for-stm32.7-2018-q2-update.win32_1.4.0.202007081208/tools/bin/../lib/gcc/arm-none-eabi/7.3.1/thumb/v7e-m/fpv4-sp/hard/crti.o
 .ARM.attributes
                0x0000000000000022       0x34 d:/programi/stm/stm32cubeide_1.4.0/stm32cubeide/plugins/com.st.stm32cube.ide.mcu.externaltools.gnu-tools-for-stm32.7-2018-q2-update.win32_1.4.0.202007081208/tools/bin/../lib/gcc/arm-none-eabi/7.3.1/thumb/v7e-m/fpv4-sp/hard/crtbegin.o
 .ARM.attributes
                0x0000000000000056       0x39 Core/Src/main.o
 .ARM.attributes
                0x000000000000008f       0x39 Core/Src/stm32f4xx_hal_msp.o
 .ARM.attributes
                0x00000000000000c8       0x39 Core/Src/stm32f4xx_it.o
 .ARM.attributes
                0x0000000000000101       0x39 Core/Src/sysmem.o
 .ARM.attributes
                0x000000000000013a       0x39 Core/Src/system_stm32f4xx.o
 .ARM.attributes
                0x0000000000000173       0x21 Core/Startup/startup_stm32f411vetx.o
 .ARM.attributes
                0x0000000000000194       0x39 Drivers/STM32F4xx_HAL_Driver/Src/stm32f4xx_hal.o
 .ARM.attributes
                0x00000000000001cd       0x39 Drivers/STM32F4xx_HAL_Driver/Src/stm32f4xx_hal_cortex.o
 .ARM.attributes
                0x0000000000000206       0x39 Drivers/STM32F4xx_HAL_Driver/Src/stm32f4xx_hal_gpio.o
 .ARM.attributes
                0x000000000000023f       0x39 Drivers/STM32F4xx_HAL_Driver/Src/stm32f4xx_hal_i2c.o
 .ARM.attributes
                0x0000000000000278       0x39 Drivers/STM32F4xx_HAL_Driver/Src/stm32f4xx_hal_i2s.o
 .ARM.attributes
                0x00000000000002b1       0x39 Drivers/STM32F4xx_HAL_Driver/Src/stm32f4xx_hal_i2s_ex.o
 .ARM.attributes
                0x00000000000002ea       0x39 Drivers/STM32F4xx_HAL_Driver/Src/stm32f4xx_hal_pcd.o
 .ARM.attributes
                0x0000000000000323       0x39 Drivers/STM32F4xx_HAL_Driver/Src/stm32f4xx_hal_pcd_ex.o
 .ARM.attributes
                0x000000000000035c       0x39 Drivers/STM32F4xx_HAL_Driver/Src/stm32f4xx_hal_rcc.o
 .ARM.attributes
                0x0000000000000395       0x39 Drivers/STM32F4xx_HAL_Driver/Src/stm32f4xx_hal_rcc_ex.o
 .ARM.attributes
                0x00000000000003ce       0x39 Drivers/STM32F4xx_HAL_Driver/Src/stm32f4xx_hal_spi.o
 .ARM.attributes
                0x0000000000000407       0x39 Drivers/STM32F4xx_HAL_Driver/Src/stm32f4xx_ll_usb.o
 .ARM.attributes
                0x0000000000000440       0x39 Middlewares/ST/STM32_USB_Device_Library/Class/HID/Src/usbd_hid.o
 .ARM.attributes
                0x0000000000000479       0x39 Middlewares/ST/STM32_USB_Device_Library/Core/Src/usbd_core.o
 .ARM.attributes
                0x00000000000004b2       0x39 Middlewares/ST/STM32_USB_Device_Library/Core/Src/usbd_ctlreq.o
 .ARM.attributes
                0x00000000000004eb       0x39 Middlewares/ST/STM32_USB_Device_Library/Core/Src/usbd_ioreq.o
 .ARM.attributes
                0x0000000000000524       0x39 USB_DEVICE/App/usb_device.o
 .ARM.attributes
                0x000000000000055d       0x39 USB_DEVICE/App/usbd_desc.o
 .ARM.attributes
                0x0000000000000596       0x39 USB_DEVICE/Target/usbd_conf.o
 .ARM.attributes
                0x00000000000005cf       0x34 d:/programi/stm/stm32cubeide_1.4.0/stm32cubeide/plugins/com.st.stm32cube.ide.mcu.externaltools.gnu-tools-for-stm32.7-2018-q2-update.win32_1.4.0.202007081208/tools/bin/../lib/gcc/arm-none-eabi/7.3.1/../../../../arm-none-eabi/lib/thumb/v7e-m/fpv4-sp/hard\libc_nano.a(lib_a-errno.o)
 .ARM.attributes
                0x0000000000000603       0x34 d:/programi/stm/stm32cubeide_1.4.0/stm32cubeide/plugins/com.st.stm32cube.ide.mcu.externaltools.gnu-tools-for-stm32.7-2018-q2-update.win32_1.4.0.202007081208/tools/bin/../lib/gcc/arm-none-eabi/7.3.1/../../../../arm-none-eabi/lib/thumb/v7e-m/fpv4-sp/hard\libc_nano.a(lib_a-impure.o)
 .ARM.attributes
                0x0000000000000637       0x34 d:/programi/stm/stm32cubeide_1.4.0/stm32cubeide/plugins/com.st.stm32cube.ide.mcu.externaltools.gnu-tools-for-stm32.7-2018-q2-update.win32_1.4.0.202007081208/tools/bin/../lib/gcc/arm-none-eabi/7.3.1/../../../../arm-none-eabi/lib/thumb/v7e-m/fpv4-sp/hard\libc_nano.a(lib_a-init.o)
 .ARM.attributes
                0x000000000000066b       0x34 d:/programi/stm/stm32cubeide_1.4.0/stm32cubeide/plugins/com.st.stm32cube.ide.mcu.externaltools.gnu-tools-for-stm32.7-2018-q2-update.win32_1.4.0.202007081208/tools/bin/../lib/gcc/arm-none-eabi/7.3.1/../../../../arm-none-eabi/lib/thumb/v7e-m/fpv4-sp/hard\libc_nano.a(lib_a-malloc.o)
 .ARM.attributes
                0x000000000000069f       0x34 d:/programi/stm/stm32cubeide_1.4.0/stm32cubeide/plugins/com.st.stm32cube.ide.mcu.externaltools.gnu-tools-for-stm32.7-2018-q2-update.win32_1.4.0.202007081208/tools/bin/../lib/gcc/arm-none-eabi/7.3.1/../../../../arm-none-eabi/lib/thumb/v7e-m/fpv4-sp/hard\libc_nano.a(lib_a-memset.o)
 .ARM.attributes
                0x00000000000006d3       0x34 d:/programi/stm/stm32cubeide_1.4.0/stm32cubeide/plugins/com.st.stm32cube.ide.mcu.externaltools.gnu-tools-for-stm32.7-2018-q2-update.win32_1.4.0.202007081208/tools/bin/../lib/gcc/arm-none-eabi/7.3.1/../../../../arm-none-eabi/lib/thumb/v7e-m/fpv4-sp/hard\libc_nano.a(lib_a-nano-freer.o)
 .ARM.attributes
                0x0000000000000707       0x34 d:/programi/stm/stm32cubeide_1.4.0/stm32cubeide/plugins/com.st.stm32cube.ide.mcu.externaltools.gnu-tools-for-stm32.7-2018-q2-update.win32_1.4.0.202007081208/tools/bin/../lib/gcc/arm-none-eabi/7.3.1/../../../../arm-none-eabi/lib/thumb/v7e-m/fpv4-sp/hard\libc_nano.a(lib_a-nano-mallocr.o)
 .ARM.attributes
                0x000000000000073b       0x34 d:/programi/stm/stm32cubeide_1.4.0/stm32cubeide/plugins/com.st.stm32cube.ide.mcu.externaltools.gnu-tools-for-stm32.7-2018-q2-update.win32_1.4.0.202007081208/tools/bin/../lib/gcc/arm-none-eabi/7.3.1/../../../../arm-none-eabi/lib/thumb/v7e-m/fpv4-sp/hard\libc_nano.a(lib_a-sbrkr.o)
 .ARM.attributes
                0x000000000000076f       0x34 d:/programi/stm/stm32cubeide_1.4.0/stm32cubeide/plugins/com.st.stm32cube.ide.mcu.externaltools.gnu-tools-for-stm32.7-2018-q2-update.win32_1.4.0.202007081208/tools/bin/../lib/gcc/arm-none-eabi/7.3.1/../../../../arm-none-eabi/lib/thumb/v7e-m/fpv4-sp/hard\libc_nano.a(lib_a-mlock.o)
 .ARM.attributes
                0x00000000000007a3       0x34 d:/programi/stm/stm32cubeide_1.4.0/stm32cubeide/plugins/com.st.stm32cube.ide.mcu.externaltools.gnu-tools-for-stm32.7-2018-q2-update.win32_1.4.0.202007081208/tools/bin/../lib/gcc/arm-none-eabi/7.3.1/../../../../arm-none-eabi/lib/thumb/v7e-m/fpv4-sp/hard\libc_nano.a(lib_a-reent.o)
 .ARM.attributes
                0x00000000000007d7       0x22 d:/programi/stm/stm32cubeide_1.4.0/stm32cubeide/plugins/com.st.stm32cube.ide.mcu.externaltools.gnu-tools-for-stm32.7-2018-q2-update.win32_1.4.0.202007081208/tools/bin/../lib/gcc/arm-none-eabi/7.3.1/thumb/v7e-m/fpv4-sp/hard\libgcc.a(_aeabi_uldivmod.o)
 .ARM.attributes
                0x00000000000007f9       0x34 d:/programi/stm/stm32cubeide_1.4.0/stm32cubeide/plugins/com.st.stm32cube.ide.mcu.externaltools.gnu-tools-for-stm32.7-2018-q2-update.win32_1.4.0.202007081208/tools/bin/../lib/gcc/arm-none-eabi/7.3.1/thumb/v7e-m/fpv4-sp/hard\libgcc.a(_udivmoddi4.o)
 .ARM.attributes
                0x000000000000082d       0x22 d:/programi/stm/stm32cubeide_1.4.0/stm32cubeide/plugins/com.st.stm32cube.ide.mcu.externaltools.gnu-tools-for-stm32.7-2018-q2-update.win32_1.4.0.202007081208/tools/bin/../lib/gcc/arm-none-eabi/7.3.1/thumb/v7e-m/fpv4-sp/hard\libgcc.a(_dvmd_tls.o)
 .ARM.attributes
                0x000000000000084f       0x22 d:/programi/stm/stm32cubeide_1.4.0/stm32cubeide/plugins/com.st.stm32cube.ide.mcu.externaltools.gnu-tools-for-stm32.7-2018-q2-update.win32_1.4.0.202007081208/tools/bin/../lib/gcc/arm-none-eabi/7.3.1/thumb/v7e-m/fpv4-sp/hard/crtn.o
OUTPUT(miska.elf elf32-littlearm)

.debug_info     0x0000000000000000    0x177ff
 .debug_info    0x0000000000000000     0x1e4e Core/Src/main.o
 .debug_info    0x0000000000001e4e      0xf92 Core/Src/stm32f4xx_hal_msp.o
 .debug_info    0x0000000000002de0      0x675 Core/Src/stm32f4xx_it.o
 .debug_info    0x0000000000003455      0x985 Core/Src/sysmem.o
 .debug_info    0x0000000000003dda      0x57e Core/Src/system_stm32f4xx.o
 .debug_info    0x0000000000004358       0x22 Core/Startup/startup_stm32f411vetx.o
 .debug_info    0x000000000000437a      0x8d5 Drivers/STM32F4xx_HAL_Driver/Src/stm32f4xx_hal.o
 .debug_info    0x0000000000004c4f      0xd98 Drivers/STM32F4xx_HAL_Driver/Src/stm32f4xx_hal_cortex.o
 .debug_info    0x00000000000059e7      0x7d7 Drivers/STM32F4xx_HAL_Driver/Src/stm32f4xx_hal_gpio.o
 .debug_info    0x00000000000061be     0x242b Drivers/STM32F4xx_HAL_Driver/Src/stm32f4xx_hal_i2c.o
 .debug_info    0x00000000000085e9      0xe56 Drivers/STM32F4xx_HAL_Driver/Src/stm32f4xx_hal_i2s.o
 .debug_info    0x000000000000943f      0xb6e Drivers/STM32F4xx_HAL_Driver/Src/stm32f4xx_hal_i2s_ex.o
 .debug_info    0x0000000000009fad     0x11c2 Drivers/STM32F4xx_HAL_Driver/Src/stm32f4xx_hal_pcd.o
 .debug_info    0x000000000000b16f      0x753 Drivers/STM32F4xx_HAL_Driver/Src/stm32f4xx_hal_pcd_ex.o
 .debug_info    0x000000000000b8c2      0x92a Drivers/STM32F4xx_HAL_Driver/Src/stm32f4xx_hal_rcc.o
 .debug_info    0x000000000000c1ec      0x618 Drivers/STM32F4xx_HAL_Driver/Src/stm32f4xx_hal_rcc_ex.o
 .debug_info    0x000000000000c804     0x1632 Drivers/STM32F4xx_HAL_Driver/Src/stm32f4xx_hal_spi.o
 .debug_info    0x000000000000de36     0x18dd Drivers/STM32F4xx_HAL_Driver/Src/stm32f4xx_ll_usb.o
 .debug_info    0x000000000000f713     0x119e Middlewares/ST/STM32_USB_Device_Library/Class/HID/Src/usbd_hid.o
 .debug_info    0x00000000000108b1     0x1285 Middlewares/ST/STM32_USB_Device_Library/Core/Src/usbd_core.o
 .debug_info    0x0000000000011b36     0x123d Middlewares/ST/STM32_USB_Device_Library/Core/Src/usbd_ctlreq.o
 .debug_info    0x0000000000012d73      0xf88 Middlewares/ST/STM32_USB_Device_Library/Core/Src/usbd_ioreq.o
 .debug_info    0x0000000000013cfb      0xe1d USB_DEVICE/App/usb_device.o
 .debug_info    0x0000000000014b18      0xd20 USB_DEVICE/App/usbd_desc.o
 .debug_info    0x0000000000015838     0x1fc7 USB_DEVICE/Target/usbd_conf.o

.debug_abbrev   0x0000000000000000     0x3385
 .debug_abbrev  0x0000000000000000      0x2a2 Core/Src/main.o
 .debug_abbrev  0x00000000000002a2      0x1c4 Core/Src/stm32f4xx_hal_msp.o
 .debug_abbrev  0x0000000000000466      0x164 Core/Src/stm32f4xx_it.o
 .debug_abbrev  0x00000000000005ca      0x19b Core/Src/sysmem.o
 .debug_abbrev  0x0000000000000765      0x12b Core/Src/system_stm32f4xx.o
 .debug_abbrev  0x0000000000000890       0x12 Core/Startup/startup_stm32f411vetx.o
 .debug_abbrev  0x00000000000008a2      0x1f2 Drivers/STM32F4xx_HAL_Driver/Src/stm32f4xx_hal.o
 .debug_abbrev  0x0000000000000a94      0x2fa Drivers/STM32F4xx_HAL_Driver/Src/stm32f4xx_hal_cortex.o
 .debug_abbrev  0x0000000000000d8e      0x1c9 Drivers/STM32F4xx_HAL_Driver/Src/stm32f4xx_hal_gpio.o
 .debug_abbrev  0x0000000000000f57      0x263 Drivers/STM32F4xx_HAL_Driver/Src/stm32f4xx_hal_i2c.o
 .debug_abbrev  0x00000000000011ba      0x22a Drivers/STM32F4xx_HAL_Driver/Src/stm32f4xx_hal_i2s.o
 .debug_abbrev  0x00000000000013e4      0x255 Drivers/STM32F4xx_HAL_Driver/Src/stm32f4xx_hal_i2s_ex.o
 .debug_abbrev  0x0000000000001639      0x266 Drivers/STM32F4xx_HAL_Driver/Src/stm32f4xx_hal_pcd.o
 .debug_abbrev  0x000000000000189f      0x1cf Drivers/STM32F4xx_HAL_Driver/Src/stm32f4xx_hal_pcd_ex.o
 .debug_abbrev  0x0000000000001a6e      0x245 Drivers/STM32F4xx_HAL_Driver/Src/stm32f4xx_hal_rcc.o
 .debug_abbrev  0x0000000000001cb3      0x173 Drivers/STM32F4xx_HAL_Driver/Src/stm32f4xx_hal_rcc_ex.o
 .debug_abbrev  0x0000000000001e26      0x240 Drivers/STM32F4xx_HAL_Driver/Src/stm32f4xx_hal_spi.o
 .debug_abbrev  0x0000000000002066      0x26d Drivers/STM32F4xx_HAL_Driver/Src/stm32f4xx_ll_usb.o
 .debug_abbrev  0x00000000000022d3      0x299 Middlewares/ST/STM32_USB_Device_Library/Class/HID/Src/usbd_hid.o
 .debug_abbrev  0x000000000000256c      0x27d Middlewares/ST/STM32_USB_Device_Library/Core/Src/usbd_core.o
 .debug_abbrev  0x00000000000027e9      0x2ba Middlewares/ST/STM32_USB_Device_Library/Core/Src/usbd_ctlreq.o
 .debug_abbrev  0x0000000000002aa3      0x1fc Middlewares/ST/STM32_USB_Device_Library/Core/Src/usbd_ioreq.o
 .debug_abbrev  0x0000000000002c9f      0x1d1 USB_DEVICE/App/usb_device.o
 .debug_abbrev  0x0000000000002e70      0x265 USB_DEVICE/App/usbd_desc.o
 .debug_abbrev  0x00000000000030d5      0x2b0 USB_DEVICE/Target/usbd_conf.o

.debug_aranges  0x0000000000000000     0x1150
 .debug_aranges
                0x0000000000000000       0x68 Core/Src/main.o
 .debug_aranges
                0x0000000000000068       0x50 Core/Src/stm32f4xx_hal_msp.o
 .debug_aranges
                0x00000000000000b8       0x68 Core/Src/stm32f4xx_it.o
 .debug_aranges
                0x0000000000000120       0x20 Core/Src/sysmem.o
 .debug_aranges
                0x0000000000000140       0x28 Core/Src/system_stm32f4xx.o
 .debug_aranges
                0x0000000000000168       0x28 Core/Startup/startup_stm32f411vetx.o
 .debug_aranges
                0x0000000000000190       0xf0 Drivers/STM32F4xx_HAL_Driver/Src/stm32f4xx_hal.o
 .debug_aranges
                0x0000000000000280      0x118 Drivers/STM32F4xx_HAL_Driver/Src/stm32f4xx_hal_cortex.o
 .debug_aranges
                0x0000000000000398       0x58 Drivers/STM32F4xx_HAL_Driver/Src/stm32f4xx_hal_gpio.o
 .debug_aranges
                0x00000000000003f0      0x2a0 Drivers/STM32F4xx_HAL_Driver/Src/stm32f4xx_hal_i2c.o
 .debug_aranges
                0x0000000000000690      0x108 Drivers/STM32F4xx_HAL_Driver/Src/stm32f4xx_hal_i2s.o
 .debug_aranges
                0x0000000000000798       0x88 Drivers/STM32F4xx_HAL_Driver/Src/stm32f4xx_hal_i2s_ex.o
 .debug_aranges
                0x0000000000000820      0x138 Drivers/STM32F4xx_HAL_Driver/Src/stm32f4xx_hal_pcd.o
 .debug_aranges
                0x0000000000000958       0x38 Drivers/STM32F4xx_HAL_Driver/Src/stm32f4xx_hal_pcd_ex.o
 .debug_aranges
                0x0000000000000990       0x88 Drivers/STM32F4xx_HAL_Driver/Src/stm32f4xx_hal_rcc.o
 .debug_aranges
                0x0000000000000a18       0x50 Drivers/STM32F4xx_HAL_Driver/Src/stm32f4xx_hal_rcc_ex.o
 .debug_aranges
                0x0000000000000a68      0x1d0 Drivers/STM32F4xx_HAL_Driver/Src/stm32f4xx_hal_spi.o
 .debug_aranges
                0x0000000000000c38      0x198 Drivers/STM32F4xx_HAL_Driver/Src/stm32f4xx_ll_usb.o
 .debug_aranges
                0x0000000000000dd0       0x68 Middlewares/ST/STM32_USB_Device_Library/Class/HID/Src/usbd_hid.o
 .debug_aranges
                0x0000000000000e38       0xb8 Middlewares/ST/STM32_USB_Device_Library/Core/Src/usbd_core.o
 .debug_aranges
                0x0000000000000ef0       0x90 Middlewares/ST/STM32_USB_Device_Library/Core/Src/usbd_ctlreq.o
 .debug_aranges
                0x0000000000000f80       0x50 Middlewares/ST/STM32_USB_Device_Library/Core/Src/usbd_ioreq.o
 .debug_aranges
                0x0000000000000fd0       0x20 USB_DEVICE/App/usb_device.o
 .debug_aranges
                0x0000000000000ff0       0x60 USB_DEVICE/App/usbd_desc.o
 .debug_aranges
                0x0000000000001050      0x100 USB_DEVICE/Target/usbd_conf.o

.debug_ranges   0x0000000000000000      0xff0
 .debug_ranges  0x0000000000000000       0x58 Core/Src/main.o
 .debug_ranges  0x0000000000000058       0x40 Core/Src/stm32f4xx_hal_msp.o
 .debug_ranges  0x0000000000000098       0x58 Core/Src/stm32f4xx_it.o
 .debug_ranges  0x00000000000000f0       0x10 Core/Src/sysmem.o
 .debug_ranges  0x0000000000000100       0x18 Core/Src/system_stm32f4xx.o
 .debug_ranges  0x0000000000000118       0x20 Core/Startup/startup_stm32f411vetx.o
 .debug_ranges  0x0000000000000138       0xe0 Drivers/STM32F4xx_HAL_Driver/Src/stm32f4xx_hal.o
 .debug_ranges  0x0000000000000218      0x108 Drivers/STM32F4xx_HAL_Driver/Src/stm32f4xx_hal_cortex.o
 .debug_ranges  0x0000000000000320       0x48 Drivers/STM32F4xx_HAL_Driver/Src/stm32f4xx_hal_gpio.o
 .debug_ranges  0x0000000000000368      0x2b8 Drivers/STM32F4xx_HAL_Driver/Src/stm32f4xx_hal_i2c.o
 .debug_ranges  0x0000000000000620       0xf8 Drivers/STM32F4xx_HAL_Driver/Src/stm32f4xx_hal_i2s.o
 .debug_ranges  0x0000000000000718       0x78 Drivers/STM32F4xx_HAL_Driver/Src/stm32f4xx_hal_i2s_ex.o
 .debug_ranges  0x0000000000000790      0x128 Drivers/STM32F4xx_HAL_Driver/Src/stm32f4xx_hal_pcd.o
 .debug_ranges  0x00000000000008b8       0x28 Drivers/STM32F4xx_HAL_Driver/Src/stm32f4xx_hal_pcd_ex.o
 .debug_ranges  0x00000000000008e0       0x78 Drivers/STM32F4xx_HAL_Driver/Src/stm32f4xx_hal_rcc.o
 .debug_ranges  0x0000000000000958       0x40 Drivers/STM32F4xx_HAL_Driver/Src/stm32f4xx_hal_rcc_ex.o
 .debug_ranges  0x0000000000000998      0x1c0 Drivers/STM32F4xx_HAL_Driver/Src/stm32f4xx_hal_spi.o
 .debug_ranges  0x0000000000000b58      0x188 Drivers/STM32F4xx_HAL_Driver/Src/stm32f4xx_ll_usb.o
 .debug_ranges  0x0000000000000ce0       0x58 Middlewares/ST/STM32_USB_Device_Library/Class/HID/Src/usbd_hid.o
 .debug_ranges  0x0000000000000d38       0xa8 Middlewares/ST/STM32_USB_Device_Library/Core/Src/usbd_core.o
 .debug_ranges  0x0000000000000de0       0x80 Middlewares/ST/STM32_USB_Device_Library/Core/Src/usbd_ctlreq.o
 .debug_ranges  0x0000000000000e60       0x40 Middlewares/ST/STM32_USB_Device_Library/Core/Src/usbd_ioreq.o
 .debug_ranges  0x0000000000000ea0       0x10 USB_DEVICE/App/usb_device.o
 .debug_ranges  0x0000000000000eb0       0x50 USB_DEVICE/App/usbd_desc.o
 .debug_ranges  0x0000000000000f00       0xf0 USB_DEVICE/Target/usbd_conf.o

.debug_macro    0x0000000000000000    0x197f5
 .debug_macro   0x0000000000000000      0x43c Core/Src/main.o
 .debug_macro   0x000000000000043c      0xa5a Core/Src/main.o
 .debug_macro   0x0000000000000e96      0x2a0 Core/Src/main.o
 .debug_macro   0x0000000000001136       0x2e Core/Src/main.o
 .debug_macro   0x0000000000001164       0x28 Core/Src/main.o
 .debug_macro   0x000000000000118c       0x22 Core/Src/main.o
 .debug_macro   0x00000000000011ae       0x8e Core/Src/main.o
 .debug_macro   0x000000000000123c       0x51 Core/Src/main.o
 .debug_macro   0x000000000000128d       0xef Core/Src/main.o
 .debug_macro   0x000000000000137c       0x6a Core/Src/main.o
 .debug_macro   0x00000000000013e6      0x1df Core/Src/main.o
 .debug_macro   0x00000000000015c5       0x1c Core/Src/main.o
 .debug_macro   0x00000000000015e1       0x22 Core/Src/main.o
 .debug_macro   0x0000000000001603       0xdf Core/Src/main.o
 .debug_macro   0x00000000000016e2     0x102d Core/Src/main.o
 .debug_macro   0x000000000000270f      0x11f Core/Src/main.o
 .debug_macro   0x000000000000282e     0xb937 Core/Src/main.o
 .debug_macro   0x000000000000e165       0x43 Core/Src/main.o
 .debug_macro   0x000000000000e1a8     0x3659 Core/Src/main.o
 .debug_macro   0x0000000000011801      0x174 Core/Src/main.o
 .debug_macro   0x0000000000011975       0x5a Core/Src/main.o
 .debug_macro   0x00000000000119cf      0x447 Core/Src/main.o
 .debug_macro   0x0000000000011e16      0x9fe Core/Src/main.o
 .debug_macro   0x0000000000012814      0x117 Core/Src/main.o
 .debug_macro   0x000000000001292b      0x11b Core/Src/main.o
 .debug_macro   0x0000000000012a46       0x27 Core/Src/main.o
 .debug_macro   0x0000000000012a6d      0x15f Core/Src/main.o
 .debug_macro   0x0000000000012bcc      0x287 Core/Src/main.o
 .debug_macro   0x0000000000012e53       0x5f Core/Src/main.o
 .debug_macro   0x0000000000012eb2      0x236 Core/Src/main.o
 .debug_macro   0x00000000000130e8      0x132 Core/Src/main.o
 .debug_macro   0x000000000001321a      0x264 Core/Src/main.o
 .debug_macro   0x000000000001347e       0x2e Core/Src/main.o
 .debug_macro   0x00000000000134ac      0x1b5 Core/Src/main.o
 .debug_macro   0x0000000000013661       0x22 Core/Src/main.o
 .debug_macro   0x0000000000013683       0xd6 Core/Src/main.o
 .debug_macro   0x0000000000013759      0x1a7 Core/Src/main.o
 .debug_macro   0x0000000000013900       0x46 Core/Src/main.o
 .debug_macro   0x0000000000013946       0x4a Core/Src/main.o
 .debug_macro   0x0000000000013990      0x11a Core/Src/main.o
 .debug_macro   0x0000000000013aaa       0x85 Core/Src/main.o
 .debug_macro   0x0000000000013b2f       0x89 Core/Src/main.o
 .debug_macro   0x0000000000013bb8      0x225 Core/Src/main.o
 .debug_macro   0x0000000000013ddd      0x21e Core/Src/main.o
 .debug_macro   0x0000000000013ffb       0xba Core/Src/main.o
 .debug_macro   0x00000000000140b5      0x126 Core/Src/main.o
 .debug_macro   0x00000000000141db      0x19d Core/Src/main.o
 .debug_macro   0x0000000000014378       0x46 Core/Src/main.o
 .debug_macro   0x00000000000143be       0x18 Core/Src/main.o
 .debug_macro   0x00000000000143d6       0x3c Core/Src/main.o
 .debug_macro   0x0000000000014412       0x34 Core/Src/main.o
 .debug_macro   0x0000000000014446       0x16 Core/Src/main.o
 .debug_macro   0x000000000001445c       0x35 Core/Src/main.o
 .debug_macro   0x0000000000014491      0x32a Core/Src/main.o
 .debug_macro   0x00000000000147bb       0x10 Core/Src/main.o
 .debug_macro   0x00000000000147cb       0x52 Core/Src/main.o
 .debug_macro   0x000000000001481d       0x1f Core/Src/main.o
 .debug_macro   0x000000000001483c       0x43 Core/Src/main.o
 .debug_macro   0x000000000001487f       0x20 Core/Src/main.o
 .debug_macro   0x000000000001489f      0x1a3 Core/Src/main.o
 .debug_macro   0x0000000000014a42       0x10 Core/Src/main.o
 .debug_macro   0x0000000000014a52       0x1c Core/Src/main.o
 .debug_macro   0x0000000000014a6e       0x52 Core/Src/main.o
 .debug_macro   0x0000000000014ac0       0x40 Core/Src/main.o
 .debug_macro   0x0000000000014b00       0x10 Core/Src/main.o
 .debug_macro   0x0000000000014b10       0x40 Core/Src/main.o
 .debug_macro   0x0000000000014b50       0xd7 Core/Src/main.o
 .debug_macro   0x0000000000014c27       0x1c Core/Src/main.o
 .debug_macro   0x0000000000014c43       0x3d Core/Src/main.o
 .debug_macro   0x0000000000014c80       0x16 Core/Src/main.o
 .debug_macro   0x0000000000014c96      0x145 Core/Src/main.o
 .debug_macro   0x0000000000014ddb       0x16 Core/Src/main.o
 .debug_macro   0x0000000000014df1       0x16 Core/Src/main.o
 .debug_macro   0x0000000000014e07       0x29 Core/Src/main.o
 .debug_macro   0x0000000000014e30       0x16 Core/Src/main.o
 .debug_macro   0x0000000000014e46       0x20 Core/Src/main.o
 .debug_macro   0x0000000000014e66       0x6b Core/Src/main.o
 .debug_macro   0x0000000000014ed1      0x1c4 Core/Src/main.o
 .debug_macro   0x0000000000015095       0x5e Core/Src/main.o
 .debug_macro   0x00000000000150f3      0x21f Core/Src/stm32f4xx_hal_msp.o
 .debug_macro   0x0000000000015312      0x229 Core/Src/stm32f4xx_it.o
 .debug_macro   0x000000000001553b       0xee Core/Src/sysmem.o
 .debug_macro   0x0000000000015629      0x23b Core/Src/sysmem.o
 .debug_macro   0x0000000000015864      0x216 Core/Src/system_stm32f4xx.o
 .debug_macro   0x0000000000015a7a      0x270 Drivers/STM32F4xx_HAL_Driver/Src/stm32f4xx_hal.o
 .debug_macro   0x0000000000015cea      0x210 Drivers/STM32F4xx_HAL_Driver/Src/stm32f4xx_hal_cortex.o
 .debug_macro   0x0000000000015efa      0x246 Drivers/STM32F4xx_HAL_Driver/Src/stm32f4xx_hal_gpio.o
 .debug_macro   0x0000000000016140      0x257 Drivers/STM32F4xx_HAL_Driver/Src/stm32f4xx_hal_i2c.o
 .debug_macro   0x0000000000016397      0x218 Drivers/STM32F4xx_HAL_Driver/Src/stm32f4xx_hal_i2s.o
 .debug_macro   0x00000000000165af      0x210 Drivers/STM32F4xx_HAL_Driver/Src/stm32f4xx_hal_i2s_ex.o
 .debug_macro   0x00000000000167bf      0x21c Drivers/STM32F4xx_HAL_Driver/Src/stm32f4xx_hal_pcd.o
 .debug_macro   0x00000000000169db      0x210 Drivers/STM32F4xx_HAL_Driver/Src/stm32f4xx_hal_pcd_ex.o
 .debug_macro   0x0000000000016beb      0x234 Drivers/STM32F4xx_HAL_Driver/Src/stm32f4xx_hal_rcc.o
 .debug_macro   0x0000000000016e1f      0x210 Drivers/STM32F4xx_HAL_Driver/Src/stm32f4xx_hal_rcc_ex.o
 .debug_macro   0x000000000001702f      0x21f Drivers/STM32F4xx_HAL_Driver/Src/stm32f4xx_hal_spi.o
 .debug_macro   0x000000000001724e      0x210 Drivers/STM32F4xx_HAL_Driver/Src/stm32f4xx_ll_usb.o
 .debug_macro   0x000000000001745e      0x42c Middlewares/ST/STM32_USB_Device_Library/Class/HID/Src/usbd_hid.o
 .debug_macro   0x000000000001788a       0x97 Middlewares/ST/STM32_USB_Device_Library/Class/HID/Src/usbd_hid.o
 .debug_macro   0x0000000000017921       0xfd Middlewares/ST/STM32_USB_Device_Library/Class/HID/Src/usbd_hid.o
 .debug_macro   0x0000000000017a1e       0xd9 Middlewares/ST/STM32_USB_Device_Library/Class/HID/Src/usbd_hid.o
 .debug_macro   0x0000000000017af7       0x54 Middlewares/ST/STM32_USB_Device_Library/Class/HID/Src/usbd_hid.o
 .debug_macro   0x0000000000017b4b      0x413 Middlewares/ST/STM32_USB_Device_Library/Core/Src/usbd_core.o
 .debug_macro   0x0000000000017f5e      0x1ca Middlewares/ST/STM32_USB_Device_Library/Core/Src/usbd_core.o
 .debug_macro   0x0000000000018128      0x41d Middlewares/ST/STM32_USB_Device_Library/Core/Src/usbd_ctlreq.o
 .debug_macro   0x0000000000018545      0x419 Middlewares/ST/STM32_USB_Device_Library/Core/Src/usbd_ioreq.o
 .debug_macro   0x000000000001895e      0x443 USB_DEVICE/App/usb_device.o
 .debug_macro   0x0000000000018da1      0x1a3 USB_DEVICE/App/usb_device.o
 .debug_macro   0x0000000000018f44       0x22 USB_DEVICE/App/usb_device.o
 .debug_macro   0x0000000000018f66      0x456 USB_DEVICE/App/usbd_desc.o
 .debug_macro   0x00000000000193bc       0x1c USB_DEVICE/App/usbd_desc.o
 .debug_macro   0x00000000000193d8      0x41d USB_DEVICE/Target/usbd_conf.o

.debug_line     0x0000000000000000    0x11847
 .debug_line    0x0000000000000000      0xc30 Core/Src/main.o
 .debug_line    0x0000000000000c30      0x819 Core/Src/stm32f4xx_hal_msp.o
 .debug_line    0x0000000000001449      0x816 Core/Src/stm32f4xx_it.o
 .debug_line    0x0000000000001c5f      0x4f9 Core/Src/sysmem.o
 .debug_line    0x0000000000002158      0x77b Core/Src/system_stm32f4xx.o
 .debug_line    0x00000000000028d3       0x85 Core/Startup/startup_stm32f411vetx.o
 .debug_line    0x0000000000002958      0x965 Drivers/STM32F4xx_HAL_Driver/Src/stm32f4xx_hal.o
 .debug_line    0x00000000000032bd      0xa89 Drivers/STM32F4xx_HAL_Driver/Src/stm32f4xx_hal_cortex.o
 .debug_line    0x0000000000003d46      0x908 Drivers/STM32F4xx_HAL_Driver/Src/stm32f4xx_hal_gpio.o
 .debug_line    0x000000000000464e     0x1c13 Drivers/STM32F4xx_HAL_Driver/Src/stm32f4xx_hal_i2c.o
 .debug_line    0x0000000000006261      0xe01 Drivers/STM32F4xx_HAL_Driver/Src/stm32f4xx_hal_i2s.o
 .debug_line    0x0000000000007062      0xf2f Drivers/STM32F4xx_HAL_Driver/Src/stm32f4xx_hal_i2s_ex.o
 .debug_line    0x0000000000007f91      0xd0f Drivers/STM32F4xx_HAL_Driver/Src/stm32f4xx_hal_pcd.o
 .debug_line    0x0000000000008ca0      0x7be Drivers/STM32F4xx_HAL_Driver/Src/stm32f4xx_hal_pcd_ex.o
 .debug_line    0x000000000000945e      0x9bd Drivers/STM32F4xx_HAL_Driver/Src/stm32f4xx_hal_rcc.o
 .debug_line    0x0000000000009e1b      0x8a2 Drivers/STM32F4xx_HAL_Driver/Src/stm32f4xx_hal_rcc_ex.o
 .debug_line    0x000000000000a6bd     0x1121 Drivers/STM32F4xx_HAL_Driver/Src/stm32f4xx_hal_spi.o
 .debug_line    0x000000000000b7de      0xe90 Drivers/STM32F4xx_HAL_Driver/Src/stm32f4xx_ll_usb.o
 .debug_line    0x000000000000c66e      0xb8e Middlewares/ST/STM32_USB_Device_Library/Class/HID/Src/usbd_hid.o
 .debug_line    0x000000000000d1fc      0xc47 Middlewares/ST/STM32_USB_Device_Library/Core/Src/usbd_core.o
 .debug_line    0x000000000000de43      0xd3a Middlewares/ST/STM32_USB_Device_Library/Core/Src/usbd_ctlreq.o
 .debug_line    0x000000000000eb7d      0xac5 Middlewares/ST/STM32_USB_Device_Library/Core/Src/usbd_ioreq.o
 .debug_line    0x000000000000f642      0xa94 USB_DEVICE/App/usb_device.o
 .debug_line    0x00000000000100d6      0xaf9 USB_DEVICE/App/usbd_desc.o
 .debug_line    0x0000000000010bcf      0xc78 USB_DEVICE/Target/usbd_conf.o

.debug_str      0x0000000000000000    0x8d34f
 .debug_str     0x0000000000000000    0x88ac5 Core/Src/main.o
                                      0x88f2b (size before relaxing)
 .debug_str     0x0000000000088ac5       0xa1 Core/Src/stm32f4xx_hal_msp.o
                                      0x83be9 (size before relaxing)
 .debug_str     0x0000000000088b66      0x3ec Core/Src/stm32f4xx_it.o
                                      0x8363f (size before relaxing)
 .debug_str     0x0000000000088f52      0x4e9 Core/Src/sysmem.o
                                       0x5f55 (size before relaxing)
 .debug_str     0x000000000008943b       0xc4 Core/Src/system_stm32f4xx.o
                                      0x82cf9 (size before relaxing)
 .debug_str     0x00000000000894ff       0x36 Core/Startup/startup_stm32f411vetx.o
                                         0x62 (size before relaxing)
 .debug_str     0x0000000000089535      0x90f Drivers/STM32F4xx_HAL_Driver/Src/stm32f4xx_hal.o
                                      0x8366e (size before relaxing)
 .debug_str     0x0000000000089e44      0x399 Drivers/STM32F4xx_HAL_Driver/Src/stm32f4xx_hal_cortex.o
                                      0x8344b (size before relaxing)
 .debug_str     0x000000000008a1dd      0x20c Drivers/STM32F4xx_HAL_Driver/Src/stm32f4xx_hal_gpio.o
                                      0x82f38 (size before relaxing)
 .debug_str     0x000000000008a3e9      0xaa6 Drivers/STM32F4xx_HAL_Driver/Src/stm32f4xx_hal_i2c.o
                                      0x83c59 (size before relaxing)
 .debug_str     0x000000000008ae8f      0x27c Drivers/STM32F4xx_HAL_Driver/Src/stm32f4xx_hal_i2s.o
                                      0x8329b (size before relaxing)
 .debug_str     0x000000000008b10b      0x1f1 Drivers/STM32F4xx_HAL_Driver/Src/stm32f4xx_hal_i2s_ex.o
                                      0x831d9 (size before relaxing)
 .debug_str     0x000000000008b2fc      0x564 Drivers/STM32F4xx_HAL_Driver/Src/stm32f4xx_hal_pcd.o
                                      0x834bc (size before relaxing)
 .debug_str     0x000000000008b860      0x13f Drivers/STM32F4xx_HAL_Driver/Src/stm32f4xx_hal_pcd_ex.o
                                      0x83087 (size before relaxing)